Component: ARM Compiler 5.06 update 5 (build 528) Tool: armlink [4d35e2]

==============================================================================

Section Cross References

    startup_stm32f103xb.o(STACK) refers (Special) to heapauxi.o(.text) for __use_two_region_memory
    startup_stm32f103xb.o(HEAP) refers (Special) to heapauxi.o(.text) for __use_two_region_memory
    startup_stm32f103xb.o(RESET) refers (Special) to heapauxi.o(.text) for __use_two_region_memory
    startup_stm32f103xb.o(RESET) refers to startup_stm32f103xb.o(STACK) for __initial_sp
    startup_stm32f103xb.o(RESET) refers to startup_stm32f103xb.o(.text) for Reset_Handler
    startup_stm32f103xb.o(RESET) refers to stm32f1xx_it.o(i.NMI_Handler) for NMI_Handler
    startup_stm32f103xb.o(RESET) refers to stm32f1xx_it.o(i.HardFault_Handler) for HardFault_Handler
    startup_stm32f103xb.o(RESET) refers to stm32f1xx_it.o(i.MemManage_Handler) for MemManage_Handler
    startup_stm32f103xb.o(RESET) refers to stm32f1xx_it.o(i.BusFault_Handler) for BusFault_Handler
    startup_stm32f103xb.o(RESET) refers to stm32f1xx_it.o(i.UsageFault_Handler) for UsageFault_Handler
    startup_stm32f103xb.o(RESET) refers to port.o(.emb_text) for SVC_Handler
    startup_stm32f103xb.o(RESET) refers to stm32f1xx_it.o(i.DebugMon_Handler) for DebugMon_Handler
    startup_stm32f103xb.o(RESET) refers to stm32f1xx_it.o(i.SysTick_Handler) for SysTick_Handler
    startup_stm32f103xb.o(RESET) refers to stm32f1xx_it.o(i.USB_HP_CAN1_TX_IRQHandler) for USB_HP_CAN1_TX_IRQHandler
    startup_stm32f103xb.o(RESET) refers to stm32f1xx_it.o(i.USB_LP_CAN1_RX0_IRQHandler) for USB_LP_CAN1_RX0_IRQHandler
    startup_stm32f103xb.o(RESET) refers to stm32f1xx_it.o(i.CAN1_RX1_IRQHandler) for CAN1_RX1_IRQHandler
    startup_stm32f103xb.o(RESET) refers to stm32f1xx_it.o(i.CAN1_SCE_IRQHandler) for CAN1_SCE_IRQHandler
    startup_stm32f103xb.o(.text) refers (Special) to heapauxi.o(.text) for __use_two_region_memory
    startup_stm32f103xb.o(.text) refers to system_stm32f1xx.o(i.SystemInit) for SystemInit
    startup_stm32f103xb.o(.text) refers to __main.o(!!!main) for __main
    startup_stm32f103xb.o(.text) refers to startup_stm32f103xb.o(HEAP) for Heap_Mem
    startup_stm32f103xb.o(.text) refers to startup_stm32f103xb.o(STACK) for Stack_Mem
    main.o(i.SystemClock_Config) refers to rt_memclr_w.o(.text) for __aeabi_memclr4
    main.o(i.SystemClock_Config) refers to stm32f1xx_hal_rcc.o(i.HAL_RCC_OscConfig) for HAL_RCC_OscConfig
    main.o(i.SystemClock_Config) refers to stm32f1xx_hal_rcc.o(i.HAL_RCC_ClockConfig) for HAL_RCC_ClockConfig
    main.o(i.main) refers to stm32f1xx_hal.o(i.HAL_Init) for HAL_Init
    main.o(i.main) refers to main.o(i.SystemClock_Config) for SystemClock_Config
    main.o(i.main) refers to gpio.o(i.MX_GPIO_Init) for MX_GPIO_Init
    main.o(i.main) refers to can.o(i.MX_CAN_Init) for MX_CAN_Init
    main.o(i.main) refers to my_can.o(i.CAN_InterfaceInit) for CAN_InterfaceInit
    main.o(i.main) refers to stm32f1xx_hal.o(i.HAL_Delay) for HAL_Delay
    main.o(i.main) refers to qd4310.o(i.QD4310_Enable) for QD4310_Enable
    main.o(i.main) refers to qd4310.o(i.QD4310_SetSpeed) for QD4310_SetSpeed
    main.o(i.main) refers to cmsis_os2.o(i.osKernelInitialize) for osKernelInitialize
    main.o(i.main) refers to freertos.o(i.MX_FREERTOS_Init) for MX_FREERTOS_Init
    main.o(i.main) refers to cmsis_os2.o(i.osKernelStart) for osKernelStart
    main.o(i.main) refers to stm32f1xx_hal_gpio.o(i.HAL_GPIO_ReadPin) for HAL_GPIO_ReadPin
    main.o(i.main) refers to qd4310.o(i.QD4310_SetAngle) for QD4310_SetAngle
    main.o(i.main) refers to config.o(.data) for motor_yaw
    gpio.o(i.MX_GPIO_Init) refers to stm32f1xx_hal_gpio.o(i.HAL_GPIO_Init) for HAL_GPIO_Init
    freertos.o(i.MX_FREERTOS_Init) refers to cmsis_os2.o(i.osThreadNew) for osThreadNew
    freertos.o(i.MX_FREERTOS_Init) refers to freertos.o(.constdata) for .constdata
    freertos.o(i.MX_FREERTOS_Init) refers to freertos.o(i.StartDefaultTask) for StartDefaultTask
    freertos.o(i.MX_FREERTOS_Init) refers to freertos.o(.data) for .data
    freertos.o(i.MX_FREERTOS_Init) refers to freertos.o(i.YawTask) for YawTask
    freertos.o(i.MX_FREERTOS_Init) refers to freertos.o(i.PitchTask03) for PitchTask03
    freertos.o(i.PitchTask03) refers to cmsis_os2.o(i.osDelay) for osDelay
    freertos.o(i.StartDefaultTask) refers to my_task.o(i.my_system_task) for my_system_task
    freertos.o(i.StartDefaultTask) refers to cmsis_os2.o(i.osDelay) for osDelay
    freertos.o(i.YawTask) refers to cmsis_os2.o(i.osDelay) for osDelay
    freertos.o(.constdata) refers to freertos.o(.conststring) for .conststring
    can.o(i.HAL_CAN_MspDeInit) refers to stm32f1xx_hal_gpio.o(i.HAL_GPIO_DeInit) for HAL_GPIO_DeInit
    can.o(i.HAL_CAN_MspDeInit) refers to stm32f1xx_hal_cortex.o(i.HAL_NVIC_DisableIRQ) for HAL_NVIC_DisableIRQ
    can.o(i.HAL_CAN_MspInit) refers to stm32f1xx_hal_gpio.o(i.HAL_GPIO_Init) for HAL_GPIO_Init
[...]
    .ARM.Collect$$libinit$$00000033          0x08000162   Section        2  libinit2.o(.ARM.Collect$$libinit$$00000033)
    .ARM.Collect$$libshutdown$$00000000      0x08000164   Section        2  libshutdown.o(.ARM.Collect$$libshutdown$$00000000)
    .ARM.Collect$$libshutdown$$00000002      0x08000166   Section        0  libshutdown2.o(.ARM.Collect$$libshutdown$$00000002)
    .ARM.Collect$$libshutdown$$00000004      0x08000166   Section        0  libshutdown2.o(.ARM.Collect$$libshutdown$$00000004)
    .ARM.Collect$$libshutdown$$00000007      0x08000166   Section        0  libshutdown2.o(.ARM.Collect$$libshutdown$$00000007)
    .ARM.Collect$$libshutdown$$0000000A      0x08000166   Section        0  libshutdown2.o(.ARM.Collect$$libshutdown$$0000000A)
    .ARM.Collect$$libshutdown$$0000000C      0x08000166   Section        0  libshutdown2.o(.ARM.Collect$$libshutdown$$0000000C)
    .ARM.Collect$$libshutdown$$0000000F      0x08000166   Section        0  libshutdown2.o(.ARM.Collect$$libshutdown$$0000000F)
    .ARM.Collect$$libshutdown$$00000010      0x08000166   Section        2  libshutdown2.o(.ARM.Collect$$libshutdown$$00000010)
    .ARM.Collect$$rtentry$$00000000          0x08000168   Section        0  __rtentry.o(.ARM.Collect$$rtentry$$00000000)
    .ARM.Collect$$rtentry$$00000002          0x08000168   Section        0  __rtentry2.o(.ARM.Collect$$rtentry$$00000002)
    .ARM.Collect$$rtentry$$00000004          0x08000168   Section        6  __rtentry4.o(.ARM.Collect$$rtentry$$00000004)
    .ARM.Collect$$rtentry$$00000009          0x0800016e   Section        0  __rtentry2.o(.ARM.Collect$$rtentry$$00000009)
    .ARM.Collect$$rtentry$$0000000A          0x0800016e   Section        4  __rtentry2.o(.ARM.Collect$$rtentry$$0000000A)
    .ARM.Collect$$rtentry$$0000000C          0x08000172   Section        0  __rtentry2.o(.ARM.Collect$$rtentry$$0000000C)
    .ARM.Collect$$rtentry$$0000000D          0x08000172   Section        8  __rtentry2.o(.ARM.Collect$$rtentry$$0000000D)
    .ARM.Collect$$rtexit$$00000000           0x0800017a   Section        2  rtexit.o(.ARM.Collect$$rtexit$$00000000)
    .ARM.Collect$$rtexit$$00000002           0x0800017c   Section        0  rtexit2.o(.ARM.Collect$$rtexit$$00000002)
    .ARM.Collect$$rtexit$$00000003           0x0800017c   Section        4  rtexit2.o(.ARM.Collect$$rtexit$$00000003)
    .ARM.Collect$$rtexit$$00000004           0x08000180   Section        6  rtexit2.o(.ARM.Collect$$rtexit$$00000004)
    .emb_text                                0x08000188   Section      150  port.o(.emb_text)
    .text                                    0x08000220   Section       64  startup_stm32f103xb.o(.text)
    .text                                    0x08000260   Section      138  rt_memcpy_v6.o(.text)
    .text                                    0x080002ea   Section       16  aeabi_memset.o(.text)
    .text                                    0x080002fa   Section       78  rt_memclr_w.o(.text)
    .text                                    0x08000348   Section        0  heapauxi.o(.text)
    .text                                    0x0800034e   Section      100  rt_memcpy_w.o(.text)
    .text                                    0x080003b2   Section       68  rt_memclr.o(.text)
    .text                                    0x080003f6   Section       74  sys_stackheap_outer.o(.text)
    .text                                    0x08000440   Section        0  exit.o(.text)
    .text                                    0x08000454   Section        8  libspace.o(.text)
    .text                                    0x0800045c   Section        0  sys_exit.o(.text)
    .text                                    0x08000468   Section        2  use_no_semi.o(.text)
    .text                                    0x0800046a   Section        0  indicate_semi.o(.text)
    i.BusFault_Handler                       0x0800046a   Section        0  stm32f1xx_it.o(i.BusFault_Handler)
    i.CAN1_RX1_IRQHandler                    0x0800046c   Section        0  stm32f1xx_it.o(i.CAN1_RX1_IRQHandler)
    i.CAN1_SCE_IRQHandler                    0x08000478   Section        0  stm32f1xx_it.o(i.CAN1_SCE_IRQHandler)
    i.CAN_InterfaceInit                      0x08000484   Section        0  my_can.o(i.CAN_InterfaceInit)
    i.DebugMon_Handler                       0x080004d4   Section        0  stm32f1xx_it.o(i.DebugMon_Handler)
    i.Error_Handler                          0x080004d6   Section        0  main.o(i.Error_Handler)
    i.HAL_CAN_ActivateNotification           0x080004da   Section        0  stm32f1xx_hal_can.o(i.HAL_CAN_ActivateNotification)
    i.HAL_CAN_AddTxMessage                   0x080004fe   Section        0  stm32f1xx_hal_can.o(i.HAL_CAN_AddTxMessage)
    i.HAL_CAN_ConfigFilter                   0x080005bc   Section        0  stm32f1xx_hal_can.o(i.HAL_CAN_ConfigFilter)
    i.HAL_CAN_ErrorCallback                  0x080006aa   Section        0  stm32f1xx_hal_can.o(i.HAL_CAN_ErrorCallback)
    i.HAL_CAN_GetRxMessage                   0x080006ac   Section        0  stm32f1xx_hal_can.o(i.HAL_CAN_GetRxMessage)
    i.HAL_CAN_GetTxMailboxesFreeLevel        0x080007a0   Section        0  stm32f1xx_hal_can.o(i.HAL_CAN_GetTxMailboxesFreeLevel)
    i.HAL_CAN_IRQHandler                     0x080007cc   Section        0  stm32f1xx_hal_can.o(i.HAL_CAN_IRQHandler)
    i.HAL_CAN_Init                           0x080009c8   Section        0  stm32f1xx_hal_can.o(i.HAL_CAN_Init)
    i.HAL_CAN_MspInit                        0x08000ae4   Section        0  can.o(i.HAL_CAN_MspInit)
    i.HAL_CAN_RxFifo0FullCallback            0x08000b90   Section        0  stm32f1xx_hal_can.o(i.HAL_CAN_RxFifo0FullCallback)
    i.HAL_CAN_RxFifo0MsgPendingCallback      0x08000b94   Section        0  interrupt.o(i.HAL_CAN_RxFifo0MsgPendingCallback)
    i.HAL_CAN_RxFifo1FullCallback            0x08000bd0   Section        0  stm32f1xx_hal_can.o(i.HAL_CAN_RxFifo1FullCallback)
    i.HAL_CAN_RxFifo1MsgPendingCallback      0x08000bd2   Section        0  stm32f1xx_hal_can.o(i.HAL_CAN_RxFifo1MsgPendingCallback)
    i.HAL_CAN_SleepCallback                  0x08000bd4   Section        0  stm32f1xx_hal_can.o(i.HAL_CAN_SleepCallback)
    i.HAL_CAN_Start                          0x08000bd8   Section        0  stm32f1xx_hal_can.o(i.HAL_CAN_Start)
    i.HAL_CAN_TxMailbox0AbortCallback        0x08000c30   Section        0  stm32f1xx_hal_can.o(i.HAL_CAN_TxMailbox0AbortCallback)
    i.HAL_CAN_TxMailbox0CompleteCallback     0x08000c32   Section        0  stm32f1xx_hal_can.o(i.HAL_CAN_TxMailbox0CompleteCallback)
    i.HAL_CAN_TxMailbox1AbortCallback        0x08000c34   Section        0  stm32f1xx_hal_can.o(i.HAL_CAN_TxMailbox1AbortCallback)
    i.HAL_CAN_TxMailbox1CompleteCallback     0x08000c36   Section        0  stm32f1xx_hal_can.o(i.HAL_CAN_TxMailbox1CompleteCallback)
    i.HAL_CAN_TxMailbox2AbortCallback        0x08000c38   Section        0  stm32f1xx_hal_can.o(i.HAL_CAN_TxMailbox2AbortCallback)
    i.HAL_CAN_TxMailbox2CompleteCallback     0x08000c3a   Section        0  stm32f1xx_hal_can.o(i.HAL_CAN_TxMailbox2CompleteCallback)
    i.HAL_CAN_WakeUpFromRxMsgCallback        0x08000c3c   Section        0  stm32f1xx_hal_can.o(i.HAL_CAN_WakeUpFromRxMsgCallback)
    i.HAL_Delay                              0x08000c40   Section        0  stm32f1xx_hal.o(i.HAL_Delay)
    i.HAL_GPIO_Init                          0x08000c64   Section        0  stm32f1xx_hal_gpio.o(i.HAL_GPIO_Init)
    i.HAL_GPIO_ReadPin                       0x08000e44   Section        0  stm32f1xx_hal_gpio.o(i.HAL_GPIO_ReadPin)
    i.HAL_GetTick                            0x08000e50   Section        0  stm32f1xx_hal.o(i.HAL_GetTick)
    i.HAL_IncTick                            0x08000e5c   Section        0  stm32f1xx_hal.o(i.HAL_IncTick)
    i.HAL_Init                               0x08000e6c   Section        0  stm32f1xx_hal.o(i.HAL_Init)
    i.HAL_InitTick                           0x08000e90   Section        0  stm32f1xx_hal.o(i.HAL_InitTick)
    i.HAL_MspInit                            0x08000ed0   Section        0  stm32f1xx_hal_msp.o(i.HAL_MspInit)
    i.HAL_NVIC_EnableIRQ                     0x08000f18   Section        0  stm32f1xx_hal_cortex.o(i.HAL_NVIC_EnableIRQ)
    i.HAL_NVIC_SetPriority                   0x08000f34   Section        0  stm32f1xx_hal_cortex.o(i.HAL_NVIC_SetPriority)
    i.HAL_NVIC_SetPriorityGrouping           0x08000f74   Section        0  stm32f1xx_hal_cortex.o(i.HAL_NVIC_SetPriorityGrouping)
    i.HAL_RCC_ClockConfig                    0x08000f98   Section        0  stm32f1xx_hal_rcc.o(i.HAL_RCC_ClockConfig)
    i.HAL_RCC_GetSysClockFreq                0x080010c4   Section        0  stm32f1xx_hal_rcc.o(i.HAL_RCC_GetSysClockFreq)
    i.HAL_RCC_OscConfig                      0x08001110   Section        0  stm32f1xx_hal_rcc.o(i.HAL_RCC_OscConfig)
    i.HAL_SYSTICK_Config                     0x08001430   Section        0  stm32f1xx_hal_cortex.o(i.HAL_SYSTICK_Config)
    i.HardFault_Handler                      0x08001458   Section        0  stm32f1xx_it.o(i.HardFault_Handler)
    i.MX_CAN_Init                            0x0800145c   Section        0  can.o(i.MX_CAN_Init)
    i.MX_FREERTOS_Init                       0x080014a0   Section        0  freertos.o(i.MX_FREERTOS_Init)
    i.MX_GPIO_Init                           0x080014e4   Section        0  gpio.o(i.MX_GPIO_Init)
    i.MemManage_Handler                      0x0800152c   Section        0  stm32f1xx_it.o(i.MemManage_Handler)
    i.NMI_Handler                            0x0800152e   Section        0  stm32f1xx_it.o(i.NMI_Handler)
    i.PitchTask03                            0x08001530   Section        0  freertos.o(i.PitchTask03)
    i.QD4310_Clamp                           0x08001538   Section        0  qd4310.o(i.QD4310_Clamp)
    QD4310_Clamp                             0x08001539   Thumb Code    36  qd4310.o(i.QD4310_Clamp)
    i.QD4310_Enable                          0x0800155c   Section        0  qd4310.o(i.QD4310_Enable)
    i.QD4310_SendCommand                     0x08001564   Section        0  qd4310.o(i.QD4310_SendCommand)
    i.QD4310_SetAngle                        0x080015b4   Section        0  qd4310.o(i.QD4310_SetAngle)
    i.QD4310_SetSpeed                        0x080015ec   Section        0  qd4310.o(i.QD4310_SetSpeed)
    i.QD4310_Update                          0x08001628   Section        0  qd4310.o(i.QD4310_Update)
    i.StartDefaultTask                       0x08001690   Section        0  freertos.o(i.StartDefaultTask)
    i.SysTick_Handler                        0x0800169c   Section        0  stm32f1xx_it.o(i.SysTick_Handler)
    i.SystemClock_Config                     0x080016b4   Section        0  main.o(i.SystemClock_Config)
    i.SystemInit                             0x08001712   Section        0  system_stm32f1xx.o(i.SystemInit)
    i.USB_HP_CAN1_TX_IRQHandler              0x08001714   Section        0  stm32f1xx_it.o(i.USB_HP_CAN1_TX_IRQHandler)
    i.USB_LP_CAN1_RX0_IRQHandler             0x08001720   Section        0  stm32f1xx_it.o(i.USB_LP_CAN1_RX0_IRQHandler)
    i.UsageFault_Handler                     0x0800172c   Section        0  stm32f1xx_it.o(i.UsageFault_Handler)
    i.YawTask                                0x0800172e   Section        0  freertos.o(i.YawTask)
    i.__NVIC_SetPriority                     0x08001736   Section        0  stm32f1xx_hal_cortex.o(i.__NVIC_SetPriority)
    __NVIC_SetPriority                       0x08001737   Thumb Code    32  stm32f1xx_hal_cortex.o(i.__NVIC_SetPriority)
    i.main                                   0x08001758   Section        0  main.o(i.main)
    i.my_system_task                         0x080017d4   Section        0  my_task.o(i.my_system_task)
    i.osDelay                                0x080017d6   Section        0  cmsis_os2.o(i.osDelay)
    i.osKernelInitialize                     0x080017f0   Section        0  cmsis_os2.o(i.osKernelInitialize)
    i.osKernelStart                          0x08001814   Section        0  cmsis_os2.o(i.osKernelStart)
    i.osThreadNew                            0x0800184c   Section        0  cmsis_os2.o(i.osThreadNew)
    i.prvAddCurrentTaskToDelayedList         0x080018d8   Section        0  tasks.o(i.prvAddCurrentTaskToDelayedList)
    prvAddCurrentTaskToDelayedList           0x080018d9   Thumb Code    84  tasks.o(i.prvAddCurrentTaskToDelayedList)
    i.prvAddNewTaskToReadyList               0x08001934   Section        0  tasks.o(i.prvAddNewTaskToReadyList)
    prvAddNewTaskToReadyList                 0x08001935   Thumb Code   190  tasks.o(i.prvAddNewTaskToReadyList)
    i.prvCheckForValidListAndQueue           0x08001a04   Section        0  timers.o(i.prvCheckForValidListAndQueue)
    prvCheckForValidListAndQueue             0x08001a05   Thumb Code    72  timers.o(i.prvCheckForValidListAndQueue)
    i.prvCopyDataFromQueue                   0x08001a5c   Section        0  queue.o(i.prvCopyDataFromQueue)
    prvCopyDataFromQueue                     0x08001a5d   Thumb Code    38  queue.o(i.prvCopyDataFromQueue)
    i.prvCopyDataToQueue                     0x08001a82   Section        0  queue.o(i.prvCopyDataToQueue)
    prvCopyDataToQueue                       0x08001a83   Thumb Code   108  queue.o(i.prvCopyDataToQueue)
    i.prvDeleteTCB                           0x08001aee   Section        0  tasks.o(i.prvDeleteTCB)
    prvDeleteTCB                             0x08001aef   Thumb Code    52  tasks.o(i.prvDeleteTCB)
    i.prvHeapInit                            0x08001b24   Section        0  heap_4.o(i.prvHeapInit)
    prvHeapInit                              0x08001b25   Thumb Code    66  heap_4.o(i.prvHeapInit)
    i.prvIdleTask                            0x08001b70   Section        0  tasks.o(i.prvIdleTask)
    prvIdleTask                              0x08001b71   Thumb Code    82  tasks.o(i.prvIdleTask)
    i.prvInitialiseNewQueue                  0x08001bd0   Section        0  queue.o(i.prvInitialiseNewQueue)
    prvInitialiseNewQueue                    0x08001bd1   Thumb Code    34  queue.o(i.prvInitialiseNewQueue)
    i.prvInitialiseNewTask                   0x08001bf4   Section        0  tasks.o(i.prvInitialiseNewTask)
    prvInitialiseNewTask                     0x08001bf5   Thumb Code   176  tasks.o(i.prvInitialiseNewTask)
    i.prvInsertBlockIntoFreeList             0x08001ca4   Section        0  heap_4.o(i.prvInsertBlockIntoFreeList)
    prvInsertBlockIntoFreeList               0x08001ca5   Thumb Code    72  heap_4.o(i.prvInsertBlockIntoFreeList)
    i.prvInsertTimerInActiveList             0x08001cf0   Section        0  timers.o(i.prvInsertTimerInActiveList)
    prvInsertTimerInActiveList               0x08001cf1   Thumb Code    52  timers.o(i.prvInsertTimerInActiveList)
    i.prvIsQueueEmpty                        0x08001d28   Section        0  queue.o(i.prvIsQueueEmpty)
    prvIsQueueEmpty                          0x08001d29   Thumb Code    28  queue.o(i.prvIsQueueEmpty)
    i.prvProcessReceivedCommands             0x08001d44   Section        0  timers.o(i.prvProcessReceivedCommands)
    prvProcessReceivedCommands               0x08001d45   Thumb Code   248  timers.o(i.prvProcessReceivedCommands)
    i.prvProcessTimerOrBlockTask             0x08001e40   Section        0  timers.o(i.prvProcessTimerOrBlockTask)
    prvProcessTimerOrBlockTask               0x08001e41   Thumb Code   182  timers.o(i.prvProcessTimerOrBlockTask)
    i.prvResetNextTaskUnblockTime            0x08001f00   Section        0  tasks.o(i.prvResetNextTaskUnblockTime)
    prvResetNextTaskUnblockTime              0x08001f01   Thumb Code    26  tasks.o(i.prvResetNextTaskUnblockTime)
    i.prvSampleTimeNow                       0x08001f20   Section        0  timers.o(i.prvSampleTimeNow)
    prvSampleTimeNow                         0x08001f21   Thumb Code    36  timers.o(i.prvSampleTimeNow)
    i.prvSwitchTimerLists                    0x08001f48   Section        0  timers.o(i.prvSwitchTimerLists)
    prvSwitchTimerLists                      0x08001f49   Thumb Code   104  timers.o(i.prvSwitchTimerLists)
    i.prvTaskExitError                       0x08001fb4   Section        0  port.o(i.prvTaskExitError)
    prvTaskExitError                         0x08001fb5   Thumb Code    36  port.o(i.prvTaskExitError)
    i.prvTimerTask                           0x08001fdc   Section        0  timers.o(i.prvTimerTask)
    prvTimerTask                             0x08001fdd   Thumb Code    32  timers.o(i.prvTimerTask)
    i.prvUnlockQueue                         0x08002000   Section        0  queue.o(i.prvUnlockQueue)
    prvUnlockQueue                           0x08002001   Thumb Code   106  queue.o(i.prvUnlockQueue)
    i.pvPortMalloc                           0x0800206c   Section        0  heap_4.o(i.pvPortMalloc)
    i.pxPortInitialiseStack                  0x08002148   Section        0  port.o(i.pxPortInitialiseStack)
    i.uxListRemove                           0x0800216c   Section        0  list.o(i.uxListRemove)
    i.vApplicationGetIdleTaskMemory          0x08002194   Section        0  cmsis_os2.o(i.vApplicationGetIdleTaskMemory)
    i.vApplicationGetTimerTaskMemory         0x080021a8   Section        0  cmsis_os2.o(i.vApplicationGetTimerTaskMemory)
    i.vListInitialise                        0x080021c0   Section        0  list.o(i.vListInitialise)
    i.vListInitialiseItem                    0x080021d6   Section        0  list.o(i.vListInitialiseItem)
    i.vListInsert                            0x080021dc   Section        0  list.o(i.vListInsert)
    i.vListInsertEnd                         0x0800220c   Section        0  list.o(i.vListInsertEnd)
    i.vPortEnterCritical                     0x08002224   Section        0  port.o(i.vPortEnterCritical)
    i.vPortExitCritical                      0x08002264   Section        0  port.o(i.vPortExitCritical)
    i.vPortFree                              0x0800228c   Section        0  heap_4.o(i.vPortFree)
    i.vPortSetupTimerInterrupt               0x080022f0   Section        0  port.o(i.vPortSetupTimerInterrupt)
    i.vPortValidateInterruptPriority         0x08002314   Section        0  port.o(i.vPortValidateInterruptPriority)
    i.vQueueAddToRegistry                    0x08002368   Section        0  queue.o(i.vQueueAddToRegistry)
    i.vQueueWaitForMessageRestricted         0x08002390   Section        0  queue.o(i.vQueueWaitForMessageRestricted)
    i.vTaskDelay                             0x080023d4   Section        0  tasks.o(i.vTaskDelay)
    i.vTaskInternalSetTimeOutState           0x08002420   Section        0  tasks.o(i.vTaskInternalSetTimeOutState)
    i.vTaskMissedYield                       0x08002430   Section        0  tasks.o(i.vTaskMissedYield)
    i.vTaskPlaceOnEventList                  0x0800243c   Section        0  tasks.o(i.vTaskPlaceOnEventList)
    i.vTaskPlaceOnEventListRestricted        0x0800246c   Section        0  tasks.o(i.vTaskPlaceOnEventListRestricted)
    i.vTaskStartScheduler                    0x080024a4   Section        0  tasks.o(i.vTaskStartScheduler)
    i.vTaskSuspendAll                        0x0800252c   Section        0  tasks.o(i.vTaskSuspendAll)
    i.vTaskSwitchContext                     0x0800253c   Section        0  tasks.o(i.vTaskSwitchContext)
    i.xPortStartScheduler                    0x080025a0   Section        0  port.o(i.xPortStartScheduler)
    i.xPortSysTickHandler                    0x08002648   Section        0  port.o(i.xPortSysTickHandler)
    i.xQueueGenericCreateStatic              0x08002674   Section        0  queue.o(i.xQueueGenericCreateStatic)
    i.xQueueGenericReset                     0x080026dc   Section        0  queue.o(i.xQueueGenericReset)
    i.xQueueGenericSend                      0x08002764   Section        0  queue.o(i.xQueueGenericSend)
    i.xQueueGenericSendFromISR               0x080028c4   Section        0  queue.o(i.xQueueGenericSendFromISR)
    i.xQueueReceive                          0x08002984   Section        0  queue.o(i.xQueueReceive)
    i.xTaskCheckForTimeOut                   0x08002abc   Section        0  tasks.o(i.xTaskCheckForTimeOut)
    i.xTaskCreate                            0x08002b30   Section        0  tasks.o(i.xTaskCreate)
    i.xTaskCreateStatic                      0x08002b8a   Section        0  tasks.o(i.xTaskCreateStatic)
    i.xTaskGetSchedulerState                 0x08002be0   Section        0  tasks.o(i.xTaskGetSchedulerState)
    i.xTaskGetTickCount                      0x08002bfc   Section        0  tasks.o(i.xTaskGetTickCount)
    i.xTaskIncrementTick                     0x08002c08   Section        0  tasks.o(i.xTaskIncrementTick)
    i.xTaskPriorityDisinherit                0x08002cd0   Section        0  tasks.o(i.xTaskPriorityDisinherit)
    i.xTaskRemoveFromEventList               0x08002d50   Section        0  tasks.o(i.xTaskRemoveFromEventList)
    i.xTaskResumeAll                         0x08002dc0   Section        0  tasks.o(i.xTaskResumeAll)
    i.xTimerCreateTimerTask                  0x08002e84   Section        0  timers.o(i.xTimerCreateTimerTask)
    i.xTimerGenericCommand                   0x08002ee4   Section        0  timers.o(i.xTimerGenericCommand)
    x$fpl$fcmpinf                            0x08002f4c   Section       24  fcmpi.o(x$fpl$fcmpinf)
    x$fpl$fdiv                               0x08002f64   Section      388  fdiv.o(x$fpl$fdiv)
    _fdiv1                                   0x08002f65   Thumb Code     0  fdiv.o(x$fpl$fdiv)
    x$fpl$ffix                               0x080030e8   Section       54  ffix.o(x$fpl$ffix)
    x$fpl$fflt                               0x08003120   Section       48  fflt_clz.o(x$fpl$fflt)
    x$fpl$ffltu                              0x08003150   Section       38  fflt_clz.o(x$fpl$ffltu)
    x$fpl$fleqf                              0x08003178   Section      104  fleqf.o(x$fpl$fleqf)
    x$fpl$fmul                               0x080031e0   Section      258  fmul.o(x$fpl$fmul)
    x$fpl$fnaninf                            0x080032e2   Section      140  fnaninf.o(x$fpl$fnaninf)
    x$fpl$fretinf                            0x0800336e   Section       10  fretinf.o(x$fpl$fretinf)
    x$fpl$frleqf                             0x08003378   Section       98  frleqf.o(x$fpl$frleqf)
    x$fpl$usenofp                            0x080033da   Section        0  usenofp.o(x$fpl$usenofp)
    .constdata                               0x080033dc   Section      108  freertos.o(.constdata)
    .constdata                               0x08003448   Section       18  stm32f1xx_hal_rcc.o(.constdata)
    aPredivFactorTable                       0x08003448   Data           2  stm32f1xx_hal_rcc.o(.constdata)
    aPLLMULFactorTable                       0x0800344a   Data          16  stm32f1xx_hal_rcc.o(.constdata)
    .constdata                               0x0800345a   Section       16  system_stm32f1xx.o(.constdata)
    .conststring                             0x0800346c   Section       32  freertos.o(.conststring)
    .data                                    0x20000000   Section       12  freertos.o(.data)
    .data                                    0x2000000c   Section       12  stm32f1xx_hal.o(.data)
    .data                                    0x20000018   Section        4  system_stm32f1xx.o(.data)
    .data                                    0x2000001c   Section        3  qd4310.o(.data)
    TxBuffer                                 0x2000001c   Data           3  qd4310.o(.data)
    .data                                    0x20000020   Section       20  config.o(.data)
    .data                                    0x20000034   Section       60  tasks.o(.data)
    uxDeletedTasksWaitingCleanUp             0x20000038   Data           4  tasks.o(.data)
    uxCurrentNumberOfTasks                   0x2000003c   Data           4  tasks.o(.data)
    xTickCount                               0x20000040   Data           4  tasks.o(.data)
    uxTopReadyPriority                       0x20000044   Data           4  tasks.o(.data)
    xSchedulerRunning                        0x20000048   Data           4  tasks.o(.data)
    xPendedTicks                             0x2000004c   Data           4  tasks.o(.data)
    xYieldPending                            0x20000050   Data           4  tasks.o(.data)
    xNumOfOverflows                          0x20000054   Data           4  tasks.o(.data)
    uxTaskNumber                             0x20000058   Data           4  tasks.o(.data)
    xNextTaskUnblockTime                     0x2000005c   Data           4  tasks.o(.data)
    xIdleTaskHandle                          0x20000060   Data           4  tasks.o(.data)
    uxSchedulerSuspended                     0x20000064   Data           4  tasks.o(.data)
    pxDelayedTaskList                        0x20000068   Data           4  tasks.o(.data)
    pxOverflowDelayedTaskList                0x2000006c   Data           4  tasks.o(.data)
    .data                                    0x20000070   Section       20  timers.o(.data)
    xTimerQueue                              0x20000070   Data           4  timers.o(.data)
    xTimerTaskHandle                         0x20000074   Data           4  timers.o(.data)
    xLastTime                                0x20000078   Data           4  timers.o(.data)
    pxCurrentTimerList                       0x2000007c   Data           4  timers.o(.data)
    pxOverflowTimerList                      0x20000080   Data           4  timers.o(.data)
    .data                                    0x20000084   Section        4  cmsis_os2.o(.data)
    KernelState                              0x20000084   Data           4  cmsis_os2.o(.data)
    .data                                    0x20000088   Section       32  heap_4.o(.data)
    pxEnd                                    0x20000088   Data           4  heap_4.o(.data)
    xFreeBytesRemaining                      0x2000008c   Data           4  heap_4.o(.data)
    xMinimumEverFreeBytesRemaining           0x20000090   Data           4  heap_4.o(.data)
    xNumberOfSuccessfulAllocations           0x20000094   Data           4  heap_4.o(.data)
    xNumberOfSuccessfulFrees                 0x20000098   Data           4  heap_4.o(.data)
    xBlockAllocatedBit                       0x2000009c   Data           4  heap_4.o(.data)
    xStart                                   0x200000a0   Data           8  heap_4.o(.data)
    .data                                    0x200000a8   Section       12  port.o(.data)
    ucMaxSysCallPriority                     0x200000a8   Data           1  port.o(.data)
    uxCriticalNesting                        0x200000ac   Data           4  port.o(.data)
    ulMaxPRIGROUPValue                       0x200000b0   Data           4  port.o(.data)
    .bss                                     0x200000b4   Section       40  can.o(.bss)
    .bss                                     0x200000dc   Section       64  queue.o(.bss)
    .bss                                     0x2000011c   Section     1220  tasks.o(.bss)
    pxReadyTasksLists                        0x2000011c   Data        1120  tasks.o(.bss)
    xDelayedTaskList1                        0x2000057c   Data          20  tasks.o(.bss)
    xDelayedTaskList2                        0x20000590   Data          20  tasks.o(.bss)
    xPendingReadyList                        0x200005a4   Data          20  tasks.o(.bss)
    xTasksWaitingTermination                 0x200005b8   Data          20  tasks.o(.bss)
    xSuspendedTaskList                       0x200005cc   Data          20  tasks.o(.bss)
    .bss                                     0x200005e0   Section      280  timers.o(.bss)
    xStaticTimerQueue                        0x200005e0   Data          80  timers.o(.bss)
    ucStaticTimerQueueStorage                0x20000630   Data         160  timers.o(.bss)
    xActiveTimerList1                        0x200006d0   Data          20  timers.o(.bss)
    xActiveTimerList2                        0x200006e4   Data          20  timers.o(.bss)
    .bss                                     0x200006f8   Section     1720  cmsis_os2.o(.bss)
    Idle_TCB                                 0x200006f8   Data          92  cmsis_os2.o(.bss)
    Idle_Stack                               0x20000754   Data         512  cmsis_os2.o(.bss)
    Timer_TCB                                0x20000954   Data          92  cmsis_os2.o(.bss)
    Timer_Stack                              0x200009b0   Data        1024  cmsis_os2.o(.bss)
    .bss                                     0x20000db0   Section     3072  heap_4.o(.bss)
    ucHeap                                   0x20000db0   Data        3072  heap_4.o(.bss)
    .bss                                     0x200019b0   Section       96  libspace.o(.bss)
    HEAP                                     0x20001a10   Section      512  startup_stm32f103xb.o(HEAP)
    Heap_Mem                                 0x20001a10   Data         512  startup_stm32f103xb.o(HEAP)
    STACK                                    0x20001c10   Section     1024  startup_stm32f103xb.o(STACK)
    Stack_Mem                                0x20001c10   Data        1024  startup_stm32f103xb.o(STACK)
    __initial_sp                             0x20002010   Data           0  startup_stm32f103xb.o(STACK)

    Global Symbols

    Symbol Name                              Value     Ov Type        Size  Object(Section)

    BuildAttributes$$THM_ISAv4$P$D$K$B$S$PE$A:L22UL41UL21$X:L11$S22US41US21$IEEE1$IW$USESV6$~STKCKD$USESV7$~SHL$OSPACE$ROPI$EBA8$UX$STANDARDLIB$REQ8$PRES8$EABIv2 0x00000000   Number         0  anon$$obj.o ABSOLUTE
    __ARM_use_no_argv                        0x00000000   Number         0  main.o ABSOLUTE
    __ARM_exceptions_init                     - Undefined Weak Reference
    __alloca_initialize                       - Undefined Weak Reference
    __arm_preinit_                            - Undefined Weak Reference
    __cpp_initialize__aeabi_                  - Undefined Weak Reference
    __cxa_finalize                            - Undefined Weak Reference
    __rt_locale                               - Undefined Weak Reference
    __sigvec_lookup                           - Undefined Weak Reference
    _atexit_init                              - Undefined Weak Reference
    _call_atexit_fns                          - Undefined Weak Reference
    _clock_init                               - Undefined Weak Reference
    _fp_trap_init                             - Undefined Weak Reference
    _fp_trap_shutdown                         - Undefined Weak Reference
    _get_lc_collate                           - Undefined Weak Reference
    _get_lc_ctype                             - Undefined Weak Reference
    _get_lc_monetary                          - Undefined Weak Reference
    _get_lc_numeric                           - Undefined Weak Reference
    _get_lc_time                              - Undefined Weak Reference
    _getenv_init                              - Undefined Weak Reference
    _handle_redirection                       - Undefined Weak Reference
    _init_alloc                               - Undefined Weak Reference
    _init_user_alloc                          - Undefined Weak Reference
    _initio                                   - Undefined Weak Reference
    _rand_init                                - Undefined Weak Reference
    _signal_finish                            - Undefined Weak Reference
    _signal_init                              - Undefined Weak Reference
    _terminate_alloc                          - Undefined Weak Reference
    _terminate_user_alloc                     - Undefined Weak Reference
    _terminateio                              - Undefined Weak Reference
    __Vectors_Size                           0x000000ec   Number         0  startup_stm32f103xb.o ABSOLUTE
    __Vectors                                0x08000000   Data           4  startup_stm32f103xb.o(RESET)
    __Vectors_End                            0x080000ec   Data           0  startup_stm32f103xb.o(RESET)
    __main                                   0x080000ed   Thumb Code     8  __main.o(!!!main)
    __scatterload                            0x080000f5   Thumb Code     0  __scatter.o(!!!scatter)
    __scatterload_rt2                        0x080000f5   Thumb Code    44  __scatter.o(!!!scatter)
    __scatterload_rt2_thumb_only             0x080000f5   Thumb Code     0  __scatter.o(!!!scatter)
    __scatterload_null                       0x08000103   Thumb Code     0  __scatter.o(!!!scatter)
    __scatterload_copy                       0x08000129   Thumb Code    26  __scatter_copy.o(!!handler_copy)
    __scatterload_zeroinit                   0x08000145   Thumb Code    28  __scatter_zi.o(!!handler_zi)
    __rt_lib_init                            0x08000161   Thumb Code     0  libinit.o(.ARM.Collect$$libinit$$00000000)
    __rt_lib_init_alloca_1                   0x08000163   Thumb Code     0  libinit2.o(.ARM.Collect$$libinit$$0000002E)
    __rt_lib_init_argv_1                     0x08000163   Thumb Code     0  libinit2.o(.ARM.Collect$$libinit$$0000002C)
    __rt_lib_init_atexit_1                   0x08000163   Thumb Code     0  libinit2.o(.ARM.Collect$$libinit$$0000001B)
    __rt_lib_init_clock_1                    0x08000163   Thumb Code     0  libinit2.o(.ARM.Collect$$libinit$$00000021)
    __rt_lib_init_cpp_1                      0x08000163   Thumb Code     0  libinit2.o(.ARM.Collect$$libinit$$00000032)
    __rt_lib_init_exceptions_1               0x08000163   Thumb Code     0  libinit2.o(.ARM.Collect$$libinit$$00000030)
    __rt_lib_init_fp_1                       0x08000163   Thumb Code     0  libinit2.o(.ARM.Collect$$libinit$$00000002)
    __rt_lib_init_fp_trap_1                  0x08000163   Thumb Code     0  libinit2.o(.ARM.Collect$$libinit$$0000001F)
    __rt_lib_init_getenv_1                   0x08000163   Thumb Code     0  libinit2.o(.ARM.Collect$$libinit$$00000023)
    __rt_lib_init_heap_1                     0x08000163   Thumb Code     0  libinit2.o(.ARM.Collect$$libinit$$0000000A)
    __rt_lib_init_lc_collate_1               0x08000163   Thumb Code     0  libinit2.o(.ARM.Collect$$libinit$$00000011)
    __rt_lib_init_lc_ctype_1                 0x08000163   Thumb Code     0  libinit2.o(.ARM.Collect$$libinit$$00000013)
    __rt_lib_init_lc_monetary_1              0x08000163   Thumb Code     0  libinit2.o(.ARM.Collect$$libinit$$00000015)
    __rt_lib_init_lc_numeric_1               0x08000163   Thumb Code     0  libinit2.o(.ARM.Collect$$libinit$$00000017)
    __rt_lib_init_lc_time_1                  0x08000163   Thumb Code     0  libinit2.o(.ARM.Collect$$libinit$$00000019)
    __rt_lib_init_preinit_1                  0x08000163   Thumb Code     0  libinit2.o(.ARM.Collect$$libinit$$00000004)
    __rt_lib_init_rand_1                     0x08000163   Thumb Code     0  libinit2.o(.ARM.Collect$$libinit$$0000000E)
    __rt_lib_init_return                     0x08000163   Thumb Code     0  libinit2.o(.ARM.Collect$$libinit$$00000033)
    __rt_lib_init_signal_1                   0x08000163   Thumb Code     0  libinit2.o(.ARM.Collect$$libinit$$0000001D)
    __rt_lib_init_stdio_1                    0x08000163   Thumb Code     0  libinit2.o(.ARM.Collect$$libinit$$00000025)
    __rt_lib_init_user_alloc_1               0x08000163   Thumb Code     0  libinit2.o(.ARM.Collect$$libinit$$0000000C)
    __rt_lib_shutdown                        0x08000165   Thumb Code     0  libshutdown.o(.ARM.Collect$$libshutdown$$00000000)
    __rt_lib_shutdown_cpp_1                  0x08000167   Thumb Code     0  libshutdown2.o(.ARM.Collect$$libshutdown$$00000002)
    __rt_lib_shutdown_fp_trap_1              0x08000167   Thumb Code     0  libshutdown2.o(.ARM.Collect$$libshutdown$$00000007)
    __rt_lib_shutdown_heap_1                 0x08000167   Thumb Code     0  libshutdown2.o(.ARM.Collect$$libshutdown$$0000000F)
    __rt_lib_shutdown_return                 0x08000167   Thumb Code     0  libshutdown2.o(.ARM.Collect$$libshutdown$$00000010)
    __rt_lib_shutdown_signal_1               0x08000167   Thumb Code     0  libshutdown2.o(.ARM.Collect$$libshutdown$$0000000A)
    __rt_lib_shutdown_stdio_1                0x08000167   Thumb Code     0  libshutdown2.o(.ARM.Collect$$libshutdown$$00000004)
    __rt_lib_shutdown_user_alloc_1           0x08000167   Thumb Code     0  libshutdown2.o(.ARM.Collect$$libshutdown$$0000000C)
    __rt_entry                               0x08000169   Thumb Code     0  __rtentry.o(.ARM.Collect$$rtentry$$00000000)
    __rt_entry_presh_1                       0x08000169   Thumb Code     0  __rtentry2.o(.ARM.Collect$$rtentry$$00000002)
    __rt_entry_sh                            0x08000169   Thumb Code     0  __rtentry4.o(.ARM.Collect$$rtentry$$00000004)
    __rt_entry_li                            0x0800016f   Thumb Code     0  __rtentry2.o(.ARM.Collect$$rtentry$$0000000A)
    __rt_entry_postsh_1                      0x0800016f   Thumb Code     0  __rtentry2.o(.ARM.Collect$$rtentry$$00000009)
    __rt_entry_main                          0x08000173   Thumb Code     0  __rtentry2.o(.ARM.Collect$$rtentry$$0000000D)
    __rt_entry_postli_1                      0x08000173   Thumb Code     0  __rtentry2.o(.ARM.Collect$$rtentry$$0000000C)
    __rt_exit                                0x0800017b   Thumb Code     0  rtexit.o(.ARM.Collect$$rtexit$$00000000)
    __rt_exit_ls                             0x0800017d   Thumb Code     0  rtexit2.o(.ARM.Collect$$rtexit$$00000003)
    __rt_exit_prels_1                        0x0800017d   Thumb Code     0  rtexit2.o(.ARM.Collect$$rtexit$$00000002)
    __rt_exit_exit                           0x08000181   Thumb Code     0  rtexit2.o(.ARM.Collect$$rtexit$$00000004)
    SVC_Handler                              0x08000189   Thumb Code    32  port.o(.emb_text)
    __asm___6_port_c_39a90d8d__prvStartFirstTask 0x080001ad   Thumb Code    28  port.o(.emb_text)
    PendSV_Handler                           0x080001cd   Thumb Code    72  port.o(.emb_text)
    vPortGetIPSR                             0x08000219   Thumb Code     6  port.o(.emb_text)
    Reset_Handler                            0x08000221   Thumb Code     8  startup_stm32f103xb.o(.text)
    ADC1_2_IRQHandler                        0x0800023b   Thumb Code     0  startup_stm32f103xb.o(.text)
    DMA1_Channel1_IRQHandler                 0x0800023b   Thumb Code     0  startup_stm32f103xb.o(.text)
    DMA1_Channel2_IRQHandler                 0x0800023b   Thumb Code     0  startup_stm32f103xb.o(.text)
    DMA1_Channel3_IRQHandler                 0x0800023b   Thumb Code     0  startup_stm32f103xb.o(.text)
    DMA1_Channel4_IRQHandler                 0x0800023b   Thumb Code     0  startup_stm32f103xb.o(.text)
    DMA1_Channel5_IRQHandler                 0x0800023b   Thumb Code     0  startup_stm32f103xb.o(.text)
    DMA1_Channel6_IRQHandler                 0x0800023b   Thumb Code     0  startup_stm32f103xb.o(.text)
    DMA1_Channel7_IRQHandler                 0x0800023b   Thumb Code     0  startup_stm32f103xb.o(.text)
    EXTI0_IRQHandler                         0x0800023b   Thumb Code     0  startup_stm32f103xb.o(.text)
    EXTI15_10_IRQHandler                     0x0800023b   Thumb Code     0  startup_stm32f103xb.o(.text)
    EXTI1_IRQHandler                         0x0800023b   Thumb Code     0  startup_stm32f103xb.o(.text)
    EXTI2_IRQHandler                         0x0800023b   Thumb Code     0  startup_stm32f103xb.o(.text)
    EXTI3_IRQHandler                         0x0800023b   Thumb Code     0  startup_stm32f103xb.o(.text)
    EXTI4_IRQHandler                         0x0800023b   Thumb Code     0  startup_stm32f103xb.o(.text)
    EXTI9_5_IRQHandler                       0x0800023b   Thumb Code     0  startup_stm32f103xb.o(.text)
    FLASH_IRQHandler                         0x0800023b   Thumb Code     0  startup_stm32f103xb.o(.text)
    I2C1_ER_IRQHandler                       0x0800023b   Thumb Code     0  startup_stm32f103xb.o(.text)
    I2C1_EV_IRQHandler                       0x0800023b   Thumb Code     0  startup_stm32f103xb.o(.text)
    I2C2_ER_IRQHandler                       0x0800023b   Thumb Code     0  startup_stm32f103xb.o(.text)
    I2C2_EV_IRQHandler                       0x0800023b   Thumb Code     0  startup_stm32f103xb.o(.text)
    PVD_IRQHandler                           0x0800023b   Thumb Code     0  startup_stm32f103xb.o(.text)
    RCC_IRQHandler                           0x0800023b   Thumb Code     0  startup_stm32f103xb.o(.text)
    RTC_Alarm_IRQHandler                     0x0800023b   Thumb Code     0  startup_stm32f103xb.o(.text)
    RTC_IRQHandler                           0x0800023b   Thumb Code     0  startup_stm32f103xb.o(.text)
    SPI1_IRQHandler                          0x0800023b   Thumb Code     0  startup_stm32f103xb.o(.text)
    SPI2_IRQHandler                          0x0800023b   Thumb Code     0  startup_stm32f103xb.o(.text)
    TAMPER_IRQHandler                        0x0800023b   Thumb Code     0  startup_stm32f103xb.o(.text)
    TIM1_BRK_IRQHandler                      0x0800023b   Thumb Code     0  startup_stm32f103xb.o(.text)
    TIM1_CC_IRQHandler                       0x0800023b   Thumb Code     0  startup_stm32f103xb.o(.text)
    TIM1_TRG_COM_IRQHandler                  0x0800023b   Thumb Code     0  startup_stm32f103xb.o(.text)
    TIM1_UP_IRQHandler                       0x0800023b   Thumb Code     0  startup_stm32f103xb.o(.text)
    TIM2_IRQHandler                          0x0800023b   Thumb Code     0  startup_stm32f103xb.o(.text)
    TIM3_IRQHandler                          0x0800023b   Thumb Code     0  startup_stm32f103xb.o(.text)
    TIM4_IRQHandler                          0x0800023b   Thumb Code     0  startup_stm32f103xb.o(.text)
    USART1_IRQHandler                        0x0800023b   Thumb Code     0  startup_stm32f103xb.o(.text)
    USART2_IRQHandler                        0x0800023b   Thumb Code     0  startup_stm32f103xb.o(.text)
    USART3_IRQHandler                        0x0800023b   Thumb Code     0  startup_stm32f103xb.o(.text)
    USBWakeUp_IRQHandler                     0x0800023b   Thumb Code     0  startup_stm32f103xb.o(.text)
    WWDG_IRQHandler                          0x0800023b   Thumb Code     0  startup_stm32f103xb.o(.text)
    __user_initial_stackheap                 0x0800023d   Thumb Code     0  startup_stm32f103xb.o(.text)
    __aeabi_memcpy                           0x08000261   Thumb Code     0  rt_memcpy_v6.o(.text)
    __rt_memcpy                              0x08000261   Thumb Code   138  rt_memcpy_v6.o(.text)
    _memcpy_lastbytes                        0x080002c7   Thumb Code     0  rt_memcpy_v6.o(.text)
    __aeabi_memset                           0x080002eb   Thumb Code    16  aeabi_memset.o(.text)
    __aeabi_memclr4                          0x080002fb   Thumb Code     0  rt_memclr_w.o(.text)
    __aeabi_memclr8                          0x080002fb   Thumb Code     0  rt_memclr_w.o(.text)
    __rt_memclr_w                            0x080002fb   Thumb Code    78  rt_memclr_w.o(.text)
    _memset_w                                0x080002ff   Thumb Code     0  rt_memclr_w.o(.text)
    __use_two_region_memory                  0x08000349   Thumb Code     2  heapauxi.o(.text)
    __rt_heap_escrow$2region                 0x0800034b   Thumb Code     2  heapauxi.o(.text)
    __rt_heap_expand$2region                 0x0800034d   Thumb Code     2  heapauxi.o(.text)
    __aeabi_memcpy4                          0x0800034f   Thumb Code     0  rt_memcpy_w.o(.text)
    __aeabi_memcpy8                          0x0800034f   Thumb Code     0  rt_memcpy_w.o(.text)
    __rt_memcpy_w                            0x0800034f   Thumb Code   100  rt_memcpy_w.o(.text)
    _memcpy_lastbytes_aligned                0x08000397   Thumb Code     0  rt_memcpy_w.o(.text)
    __aeabi_memclr                           0x080003b3   Thumb Code     0  rt_memclr.o(.text)
    __rt_memclr                              0x080003b3   Thumb Code    68  rt_memclr.o(.text)
    _memset                                  0x080003b7   Thumb Code     0  rt_memclr.o(.text)
    __user_setup_stackheap                   0x080003f7   Thumb Code    74  sys_stackheap_outer.o(.text)
    exit                                     0x08000441   Thumb Code    18  exit.o(.text)
    __user_libspace                          0x08000455   Thumb Code     8  libspace.o(.text)
    __user_perproc_libspace                  0x08000455   Thumb Code     0  libspace.o(.text)
    __user_perthread_libspace                0x08000455   Thumb Code     0  libspace.o(.text)
    _sys_exit                                0x0800045d   Thumb Code     8  sys_exit.o(.text)
    __I$use$semihosting                      0x08000469   Thumb Code     0  use_no_semi.o(.text)
    __use_no_semihosting_swi                 0x08000469   Thumb Code     2  use_no_semi.o(.text)
    BusFault_Handler                         0x0800046b   Thumb Code     2  stm32f1xx_it.o(i.BusFault_Handler)
    __semihosting_library_function           0x0800046b   Thumb Code     0  indicate_semi.o(.text)
    CAN1_RX1_IRQHandler                      0x0800046d   Thumb Code     6  stm32f1xx_it.o(i.CAN1_RX1_IRQHandler)
    CAN1_SCE_IRQHandler                      0x08000479   Thumb Code     6  stm32f1xx_it.o(i.CAN1_SCE_IRQHandler)
    CAN_InterfaceInit                        0x08000485   Thumb Code    76  my_can.o(i.CAN_InterfaceInit)
    DebugMon_Handler                         0x080004d5   Thumb Code     2  stm32f1xx_it.o(i.DebugMon_Handler)
    Error_Handler                            0x080004d7   Thumb Code     4  main.o(i.Error_Handler)
    HAL_CAN_ActivateNotification             0x080004db   Thumb Code    36  stm32f1xx_hal_can.o(i.HAL_CAN_ActivateNotification)
    HAL_CAN_AddTxMessage                     0x080004ff   Thumb Code   188  stm32f1xx_hal_can.o(i.HAL_CAN_AddTxMessage)
    HAL_CAN_ConfigFilter                     0x080005bd   Thumb Code   238  stm32f1xx_hal_can.o(i.HAL_CAN_ConfigFilter)
    HAL_CAN_ErrorCallback                    0x080006ab   Thumb Code     2  stm32f1xx_hal_can.o(i.HAL_CAN_ErrorCallback)
    HAL_CAN_GetRxMessage                     0x080006ad   Thumb Code   244  stm32f1xx_hal_can.o(i.HAL_CAN_GetRxMessage)
    HAL_CAN_GetTxMailboxesFreeLevel          0x080007a1   Thumb Code    44  stm32f1xx_hal_can.o(i.HAL_CAN_GetTxMailboxesFreeLevel)
    HAL_CAN_IRQHandler                       0x080007cd   Thumb Code   508  stm32f1xx_hal_can.o(i.HAL_CAN_IRQHandler)
    HAL_CAN_Init                             0x080009c9   Thumb Code   282  stm32f1xx_hal_can.o(i.HAL_CAN_Init)
    HAL_CAN_MspInit                          0x08000ae5   Thumb Code   160  can.o(i.HAL_CAN_MspInit)
    HAL_CAN_RxFifo0FullCallback              0x08000b91   Thumb Code     2  stm32f1xx_hal_can.o(i.HAL_CAN_RxFifo0FullCallback)
    HAL_CAN_RxFifo0MsgPendingCallback        0x08000b95   Thumb Code    54  interrupt.o(i.HAL_CAN_RxFifo0MsgPendingCallback)
    HAL_CAN_RxFifo1FullCallback              0x08000bd1   Thumb Code     2  stm32f1xx_hal_can.o(i.HAL_CAN_RxFifo1FullCallback)
    HAL_CAN_RxFifo1MsgPendingCallback        0x08000bd3   Thumb Code     2  stm32f1xx_hal_can.o(i.HAL_CAN_RxFifo1MsgPendingCallback)
    HAL_CAN_SleepCallback                    0x08000bd5   Thumb Code     2  stm32f1xx_hal_can.o(i.HAL_CAN_SleepCallback)
    HAL_CAN_Start                            0x08000bd9   Thumb Code    88  stm32f1xx_hal_can.o(i.HAL_CAN_Start)
    HAL_CAN_TxMailbox0AbortCallback          0x08000c31   Thumb Code     2  stm32f1xx_hal_can.o(i.HAL_CAN_TxMailbox0AbortCallback)
    HAL_CAN_TxMailbox0CompleteCallback       0x08000c33   Thumb Code     2  stm32f1xx_hal_can.o(i.HAL_CAN_TxMailbox0CompleteCallback)
    HAL_CAN_TxMailbox1AbortCallback          0x08000c35   Thumb Code     2  stm32f1xx_hal_can.o(i.HAL_CAN_TxMailbox1AbortCallback)
    HAL_CAN_TxMailbox1CompleteCallback       0x08000c37   Thumb Code     2  stm32f1xx_hal_can.o(i.HAL_CAN_TxMailbox1CompleteCallback)
    HAL_CAN_TxMailbox2AbortCallback          0x08000c39   Thumb Code     2  stm32f1xx_hal_can.o(i.HAL_CAN_TxMailbox2AbortCallback)
    HAL_CAN_TxMailbox2CompleteCallback       0x08000c3b   Thumb Code     2  stm32f1xx_hal_can.o(i.HAL_CAN_TxMailbox2CompleteCallback)
    HAL_CAN_WakeUpFromRxMsgCallback          0x08000c3d   Thumb Code     2  stm32f1xx_hal_can.o(i.HAL_CAN_WakeUpFromRxMsgCallback)
    HAL_Delay                                0x08000c41   Thumb Code    32  stm32f1xx_hal.o(i.HAL_Delay)
    HAL_GPIO_Init                            0x08000c65   Thumb Code   446  stm32f1xx_hal_gpio.o(i.HAL_GPIO_Init)
    HAL_GPIO_ReadPin                         0x08000e45   Thumb Code    10  stm32f1xx_hal_gpio.o(i.HAL_GPIO_ReadPin)
    HAL_GetTick                              0x08000e51   Thumb Code     6  stm32f1xx_hal.o(i.HAL_GetTick)
    HAL_IncTick                              0x08000e5d   Thumb Code    12  stm32f1xx_hal.o(i.HAL_IncTick)
    HAL_Init                                 0x08000e6d   Thumb Code    32  stm32f1xx_hal.o(i.HAL_Init)
    HAL_InitTick                             0x08000e91   Thumb Code    54  stm32f1xx_hal.o(i.HAL_InitTick)
    HAL_MspInit                              0x08000ed1   Thumb Code    62  stm32f1xx_hal_msp.o(i.HAL_MspInit)
    HAL_NVIC_EnableIRQ                       0x08000f19   Thumb Code    26  stm32f1xx_hal_cortex.o(i.HAL_NVIC_EnableIRQ)
    HAL_NVIC_SetPriority                     0x08000f35   Thumb Code    60  stm32f1xx_hal_cortex.o(i.HAL_NVIC_SetPriority)
    HAL_NVIC_SetPriorityGrouping             0x08000f75   Thumb Code    26  stm32f1xx_hal_cortex.o(i.HAL_NVIC_SetPriorityGrouping)
    HAL_RCC_ClockConfig                      0x08000f99   Thumb Code   280  stm32f1xx_hal_rcc.o(i.HAL_RCC_ClockConfig)
    HAL_RCC_GetSysClockFreq                  0x080010c5   Thumb Code    58  stm32f1xx_hal_rcc.o(i.HAL_RCC_GetSysClockFreq)
    HAL_RCC_OscConfig                        0x08001111   Thumb Code   778  stm32f1xx_hal_rcc.o(i.HAL_RCC_OscConfig)
    HAL_SYSTICK_Config                       0x08001431   Thumb Code    40  stm32f1xx_hal_cortex.o(i.HAL_SYSTICK_Config)
    HardFault_Handler                        0x08001459   Thumb Code     2  stm32f1xx_it.o(i.HardFault_Handler)
    MX_CAN_Init                              0x0800145d   Thumb Code    60  can.o(i.MX_CAN_Init)
    MX_FREERTOS_Init                         0x080014a1   Thumb Code    46  freertos.o(i.MX_FREERTOS_Init)
    MX_GPIO_Init                             0x080014e5   Thumb Code    62  gpio.o(i.MX_GPIO_Init)
    MemManage_Handler                        0x0800152d   Thumb Code     2  stm32f1xx_it.o(i.MemManage_Handler)
    NMI_Handler                              0x0800152f   Thumb Code     2  stm32f1xx_it.o(i.NMI_Handler)
    PitchTask03                              0x08001531   Thumb Code     8  freertos.o(i.PitchTask03)
    QD4310_Enable                            0x0800155d   Thumb Code     8  qd4310.o(i.QD4310_Enable)
    QD4310_SendCommand                       0x08001565   Thumb Code    76  qd4310.o(i.QD4310_SendCommand)
    QD4310_SetAngle                          0x080015b5   Thumb Code    48  qd4310.o(i.QD4310_SetAngle)
    QD4310_SetSpeed                          0x080015ed   Thumb Code    48  qd4310.o(i.QD4310_SetSpeed)
    QD4310_Update                            0x08001629   Thumb Code    82  qd4310.o(i.QD4310_Update)
    StartDefaultTask                         0x08001691   Thumb Code    12  freertos.o(i.StartDefaultTask)
    SysTick_Handler                          0x0800169d   Thumb Code    24  stm32f1xx_it.o(i.SysTick_Handler)
    SystemClock_Config                       0x080016b5   Thumb Code    94  main.o(i.SystemClock_Config)
    SystemInit                               0x08001713   Thumb Code     2  system_stm32f1xx.o(i.SystemInit)
    USB_HP_CAN1_TX_IRQHandler                0x08001715   Thumb Code     6  stm32f1xx_it.o(i.USB_HP_CAN1_TX_IRQHandler)
    USB_LP_CAN1_RX0_IRQHandler               0x08001721   Thumb Code     6  stm32f1xx_it.o(i.USB_LP_CAN1_RX0_IRQHandler)
    UsageFault_Handler                       0x0800172d   Thumb Code     2  stm32f1xx_it.o(i.UsageFault_Handler)
    YawTask                                  0x0800172f   Thumb Code     8  freertos.o(i.YawTask)
    main                                     0x08001759   Thumb Code   106  main.o(i.main)
    my_system_task                           0x080017d5   Thumb Code     2  my_task.o(i.my_system_task)
    osDelay                                  0x080017d7   Thumb Code    26  cmsis_os2.o(i.osDelay)
    osKernelInitialize                       0x080017f1   Thumb Code    32  cmsis_os2.o(i.osKernelInitialize)
    osKernelStart                            0x08001815   Thumb Code    48  cmsis_os2.o(i.osKernelStart)
    osThreadNew                              0x0800184d   Thumb Code   138  cmsis_os2.o(i.osThreadNew)
    pvPortMalloc                             0x0800206d   Thumb Code   216  heap_4.o(i.pvPortMalloc)
    pxPortInitialiseStack                    0x08002149   Thumb Code    32  port.o(i.pxPortInitialiseStack)
    uxListRemove                             0x0800216d   Thumb Code    38  list.o(i.uxListRemove)
    vApplicationGetIdleTaskMemory            0x08002195   Thumb Code    16  cmsis_os2.o(i.vApplicationGetIdleTaskMemory)
    vApplicationGetTimerTaskMemory           0x080021a9   Thumb Code    18  cmsis_os2.o(i.vApplicationGetTimerTaskMemory)
    vListInitialise                          0x080021c1   Thumb Code    22  list.o(i.vListInitialise)
    vListInitialiseItem                      0x080021d7   Thumb Code     6  list.o(i.vListInitialiseItem)
    vListInsert                              0x080021dd   Thumb Code    48  list.o(i.vListInsert)
    vListInsertEnd                           0x0800220d   Thumb Code    24  list.o(i.vListInsertEnd)
    vPortEnterCritical                       0x08002225   Thumb Code    54  port.o(i.vPortEnterCritical)
    vPortExitCritical                        0x08002265   Thumb Code    34  port.o(i.vPortExitCritical)
    vPortFree                                0x0800228d   Thumb Code    94  heap_4.o(i.vPortFree)
    vPortSetupTimerInterrupt                 0x080022f1   Thumb Code    32  port.o(i.vPortSetupTimerInterrupt)
    vPortValidateInterruptPriority           0x08002315   Thumb Code    74  port.o(i.vPortValidateInterruptPriority)
    vQueueAddToRegistry                      0x08002369   Thumb Code    34  queue.o(i.vQueueAddToRegistry)
    vQueueWaitForMessageRestricted           0x08002391   Thumb Code    68  queue.o(i.vQueueWaitForMessageRestricted)
    vTaskDelay                               0x080023d5   Thumb Code    66  tasks.o(i.vTaskDelay)
    vTaskInternalSetTimeOutState             0x08002421   Thumb Code    12  tasks.o(i.vTaskInternalSetTimeOutState)
    vTaskMissedYield                         0x08002431   Thumb Code     8  tasks.o(i.vTaskMissedYield)
    vTaskPlaceOnEventList                    0x0800243d   Thumb Code    44  tasks.o(i.vTaskPlaceOnEventList)
    vTaskPlaceOnEventListRestricted          0x0800246d   Thumb Code    52  tasks.o(i.vTaskPlaceOnEventListRestricted)
    vTaskStartScheduler                      0x080024a5   Thumb Code   118  tasks.o(i.vTaskStartScheduler)
    vTaskSuspendAll                          0x0800252d   Thumb Code    10  tasks.o(i.vTaskSuspendAll)
    vTaskSwitchContext                       0x0800253d   Thumb Code    90  tasks.o(i.vTaskSwitchContext)
    xPortStartScheduler                      0x080025a1   Thumb Code   154  port.o(i.xPortStartScheduler)
    xPortSysTickHandler                      0x08002649   Thumb Code    38  port.o(i.xPortSysTickHandler)
    xQueueGenericCreateStatic                0x08002675   Thumb Code   102  queue.o(i.xQueueGenericCreateStatic)
    xQueueGenericReset                       0x080026dd   Thumb Code   132  queue.o(i.xQueueGenericReset)
    xQueueGenericSend                        0x08002765   Thumb Code   346  queue.o(i.xQueueGenericSend)
    xQueueGenericSendFromISR                 0x080028c5   Thumb Code   190  queue.o(i.xQueueGenericSendFromISR)
    xQueueReceive                            0x08002985   Thumb Code   308  queue.o(i.xQueueReceive)
    xTaskCheckForTimeOut                     0x08002abd   Thumb Code   112  tasks.o(i.xTaskCheckForTimeOut)
    xTaskCreate                              0x08002b31   Thumb Code    90  tasks.o(i.xTaskCreate)
    xTaskCreateStatic                        0x08002b8b   Thumb Code    86  tasks.o(i.xTaskCreateStatic)
    xTaskGetSchedulerState                   0x08002be1   Thumb Code    22  tasks.o(i.xTaskGetSchedulerState)
    xTaskGetTickCount                        0x08002bfd   Thumb Code     6  tasks.o(i.xTaskGetTickCount)
    xTaskIncrementTick                       0x08002c09   Thumb Code   192  tasks.o(i.xTaskIncrementTick)
    xTaskPriorityDisinherit                  0x08002cd1   Thumb Code   118  tasks.o(i.xTaskPriorityDisinherit)
    xTaskRemoveFromEventList                 0x08002d51   Thumb Code    98  tasks.o(i.xTaskRemoveFromEventList)
    xTaskResumeAll                           0x08002dc1   Thumb Code   182  tasks.o(i.xTaskResumeAll)
    xTimerCreateTimerTask                    0x08002e85   Thumb Code    78  timers.o(i.xTimerCreateTimerTask)
    xTimerGenericCommand                     0x08002ee5   Thumb Code    98  timers.o(i.xTimerGenericCommand)
    __fpl_fcmp_Inf                           0x08002f4d   Thumb Code    24  fcmpi.o(x$fpl$fcmpinf)
    __aeabi_fdiv                             0x08002f65   Thumb Code     0  fdiv.o(x$fpl$fdiv)
    _fdiv                                    0x08002f65   Thumb Code   384  fdiv.o(x$fpl$fdiv)
    __aeabi_f2iz                             0x080030e9   Thumb Code     0  ffix.o(x$fpl$ffix)
    _ffix                                    0x080030e9   Thumb Code    54  ffix.o(x$fpl$ffix)
    __aeabi_i2f                              0x08003121   Thumb Code     0  fflt_clz.o(x$fpl$fflt)
    _fflt                                    0x08003121   Thumb Code    48  fflt_clz.o(x$fpl$fflt)
    __aeabi_ui2f                             0x08003151   Thumb Code     0  fflt_clz.o(x$fpl$ffltu)
    _ffltu                                   0x08003151   Thumb Code    38  fflt_clz.o(x$fpl$ffltu)
    __aeabi_cfcmple                          0x08003179   Thumb Code     0  fleqf.o(x$fpl$fleqf)
    _fcmple                                  0x08003179   Thumb Code   104  fleqf.o(x$fpl$fleqf)
    __fpl_fcmple_InfNaN                      0x080031cb   Thumb Code     0  fleqf.o(x$fpl$fleqf)
    __aeabi_fmul                             0x080031e1   Thumb Code     0  fmul.o(x$fpl$fmul)
    _fmul                                    0x080031e1   Thumb Code   258  fmul.o(x$fpl$fmul)
    __fpl_fnaninf                            0x080032e3   Thumb Code   140  fnaninf.o(x$fpl$fnaninf)
    __fpl_fretinf                            0x0800336f   Thumb Code    10  fretinf.o(x$fpl$fretinf)
    __aeabi_cfrcmple                         0x08003379   Thumb Code     0  frleqf.o(x$fpl$frleqf)
    _frcmple                                 0x08003379   Thumb Code    98  frleqf.o(x$fpl$frleqf)
    __I$use$fp                               0x080033da   Number         0  usenofp.o(x$fpl$usenofp)
    defaultTask_attributes                   0x080033dc   Data          36  freertos.o(.constdata)
    yawTask_attributes                       0x08003400   Data          36  freertos.o(.constdata)
    pitchTask_attributes                     0x08003424   Data          36  freertos.o(.constdata)
    AHBPrescTable                            0x0800345a   Data          16  system_stm32f1xx.o(.constdata)
    Region$$Table$$Base                      0x0800348c   Number         0  anon$$obj.o(Region$$Table)
    Region$$Table$$Limit                     0x080034ac   Number         0  anon$$obj.o(Region$$Table)
    defaultTaskHandle                        0x20000000   Data           4  freertos.o(.data)
    yawTaskHandle                            0x20000004   Data           4  freertos.o(.data)
    pitchTaskHandle                          0x20000008   Data           4  freertos.o(.data)
    uwTickFreq                               0x2000000c   Data           1  stm32f1xx_hal.o(.data)
    uwTickPrio                               0x20000010   Data           4  stm32f1xx_hal.o(.data)
    uwTick                                   0x20000014   Data           4  stm32f1xx_hal.o(.data)
    SystemCoreClock                          0x20000018   Data           4  system_stm32f1xx.o(.data)
    motor_yaw                                0x20000020   Data          20  config.o(.data)
    pxCurrentTCB                             0x20000034   Data           4  tasks.o(.data)
    hcan                                     0x200000b4   Data          40  can.o(.bss)
    xQueueRegistry                           0x200000dc   Data          64  queue.o(.bss)
    __libspace_start                         0x200019b0   Data          96  libspace.o(.bss)
    __temporary_stack_top$libspace           0x20001a10   Data           0  libspace.o(.bss)



==============================================================================

Memory Map of the image

  Image Entry point : 0x080000ed

  Load Region LR_IROM1 (Base: 0x08000000, Size: 0x00003560, Max: 0x00010000, ABSOLUTE)

    Execution Region ER_IROM1 (Exec base: 0x08000000, Load base: 0x08000000, Size: 0x000034ac, Max: 0x00010000, ABSOLUTE)

    Exec Addr    Load Addr    Size         Type   Attr      Idx    E Section Name        Object

    0x08000000   0x08000000   0x000000ec   Data   RO            3    RESET               startup_stm32f103xb.o
    0x080000ec   0x080000ec   0x00000008   Code   RO         3736  * !!!main             c_w.l(__main.o)
    0x080000f4   0x080000f4   0x00000034   Code   RO         3930    !!!scatter          c_w.l(__scatter.o)
    0x08000128   0x08000128   0x0000001a   Code   RO         3932    !!handler_copy      c_w.l(__scatter_copy.o)
    0x08000142   0x08000142   0x00000002   PAD
    0x08000144   0x08000144   0x0000001c   Code   RO         3934    !!handler_zi        c_w.l(__scatter_zi.o)
    0x08000160   0x08000160   0x00000002   Code   RO         3800    .ARM.Collect$$libinit$$00000000  c_w.l(libinit.o)
    0x08000162   0x08000162   0x00000000   Code   RO         3807    .ARM.Collect$$libinit$$00000002  c_w.l(libinit2.o)
    0x08000162   0x08000162   0x00000000   Code   RO         3809    .ARM.Collect$$libinit$$00000004  c_w.l(libinit2.o)
    0x08000162   0x08000162   0x00000000   Code   RO         3812    .ARM.Collect$$libinit$$0000000A  c_w.l(libinit2.o)
    0x08000162   0x08000162   0x00000000   Code   RO         3814    .ARM.Collect$$libinit$$0000000C  c_w.l(libinit2.o)
    0x08000162   0x08000162   0x00000000   Code   RO         3816    .ARM.Collect$$libinit$$0000000E  c_w.l(libinit2.o)
    0x08000162   0x08000162   0x00000000   Code   RO         3819    .ARM.Collect$$libinit$$00000011  c_w.l(libinit2.o)
    0x08000162   0x08000162   0x00000000   Code   RO         3821    .ARM.Collect$$libinit$$00000013  c_w.l(libinit2.o)
    0x08000162   0x08000162   0x00000000   Code   RO         3823    .ARM.Collect$$libinit$$00000015  c_w.l(libinit2.o)
    0x08000162   0x08000162   0x00000000   Code   RO         3825    .ARM.Collect$$libinit$$00000017  c_w.l(libinit2.o)
    0x08000162   0x08000162   0x00000000   Code   RO         3827    .ARM.Collect$$libinit$$00000019  c_w.l(libinit2.o)
    0x08000162   0x08000162   0x00000000   Code   RO         3829    .ARM.Collect$$libinit$$0000001B  c_w.l(libinit2.o)
    0x08000162   0x08000162   0x00000000   Code   RO         3831    .ARM.Collect$$libinit$$0000001D  c_w.l(libinit2.o)
    0x08000162   0x08000162   0x00000000   Code   RO         3833    .ARM.Collect$$libinit$$0000001F  c_w.l(libinit2.o)
    0x08000162   0x08000162   0x00000000   Code   RO         3835    .ARM.Collect$$libinit$$00000021  c_w.l(libinit2.o)
    0x08000162   0x08000162   0x00000000   Code   RO         3837    .ARM.Collect$$libinit$$00000023  c_w.l(libinit2.o)
    0x08000162   0x08000162   0x00000000   Code   RO         3839    .ARM.Collect$$libinit$$00000025  c_w.l(libinit2.o)
    0x08000162   0x08000162   0x00000000   Code   RO         3843    .ARM.Collect$$libinit$$0000002C  c_w.l(libinit2.o)
    0x08000162   0x08000162   0x00000000   Code   RO         3845    .ARM.Collect$$libinit$$0000002E  c_w.l(libinit2.o)
    0x08000162   0x08000162   0x00000000   Code   RO         3847    .ARM.Collect$$libinit$$00000030  c_w.l(libinit2.o)
    0x08000162   0x08000162   0x00000000   Code   RO         3849    .ARM.Collect$$libinit$$00000032  c_w.l(libinit2.o)
    0x08000162   0x08000162   0x00000002   Code   RO         3850    .ARM.Collect$$libinit$$00000033  c_w.l(libinit2.o)
    0x08000164   0x08000164   0x00000002   Code   RO         3870    .ARM.Collect$$libshutdown$$00000000  c_w.l(libshutdown.o)
    0x08000166   0x08000166   0x00000000   Code   RO         3883    .ARM.Collect$$libshutdown$$00000002  c_w.l(libshutdown2.o)
    0x08000166   0x08000166   0x00000000   Code   RO         3885    .ARM.Collect$$libshutdown$$00000004  c_w.l(libshutdown2.o)
    0x08000166   0x08000166   0x00000000   Code   RO         3888    .ARM.Collect$$libshutdown$$00000007  c_w.l(libshutdown2.o)
    0x08000166   0x08000166   0x00000000   Code   RO         3891    .ARM.Collect$$libshutdown$$0000000A  c_w.l(libshutdown2.o)
    0x08000166   0x08000166   0x00000000   Code   RO         3893    .ARM.Collect$$libshutdown$$0000000C  c_w.l(libshutdown2.o)
    0x08000166   0x08000166   0x00000000   Code   RO         3896    .ARM.Collect$$libshutdown$$0000000F  c_w.l(libshutdown2.o)
    0x08000166   0x08000166   0x00000002   Code   RO         3897    .ARM.Collect$$libshutdown$$00000010  c_w.l(libshutdown2.o)
    0x08000168   0x08000168   0x00000000   Code   RO         3764    .ARM.Collect$$rtentry$$00000000  c_w.l(__rtentry.o)
    0x08000168   0x08000168   0x00000000   Code   RO         3777    .ARM.Collect$$rtentry$$00000002  c_w.l(__rtentry2.o)
    0x08000168   0x08000168   0x00000006   Code   RO         3789    .ARM.Collect$$rtentry$$00000004  c_w.l(__rtentry4.o)
    0x0800016e   0x0800016e   0x00000000   Code   RO         3779    .ARM.Collect$$rtentry$$00000009  c_w.l(__rtentry2.o)
    0x0800016e   0x0800016e   0x00000004   Code   RO         3780    .ARM.Collect$$rtentry$$0000000A  c_w.l(__rtentry2.o)
    0x08000172   0x08000172   0x00000000   Code   RO         3782    .ARM.Collect$$rtentry$$0000000C  c_w.l(__rtentry2.o)
    0x08000172   0x08000172   0x00000008   Code   RO         3783    .ARM.Collect$$rtentry$$0000000D  c_w.l(__rtentry2.o)
    0x0800017a   0x0800017a   0x00000002   Code   RO         3804    .ARM.Collect$$rtexit$$00000000  c_w.l(rtexit.o)
    0x0800017c   0x0800017c   0x00000000   Code   RO         3852    .ARM.Collect$$rtexit$$00000002  c_w.l(rtexit2.o)
    0x0800017c   0x0800017c   0x00000004   Code   RO         3853    .ARM.Collect$$rtexit$$00000003  c_w.l(rtexit2.o)
    0x08000180   0x08000180   0x00000006   Code   RO         3854    .ARM.Collect$$rtexit$$00000004  c_w.l(rtexit2.o)
    0x08000186   0x08000186   0x00000002   PAD
    0x08000188   0x08000188   0x00000096   Code   RO         3645    .emb_text           port.o
    0x0800021e   0x0800021e   0x00000002   PAD
    0x08000220   0x08000220   0x00000040   Code   RO            4    .text               startup_stm32f103xb.o
    0x08000260   0x08000260   0x0000008a   Code   RO         3726    .text               c_w.l(rt_memcpy_v6.o)
    0x080002ea   0x080002ea   0x00000010   Code   RO         3730    .text               c_w.l(aeabi_memset.o)
    0x080002fa   0x080002fa   0x0000004e   Code   RO         3732    .text               c_w.l(rt_memclr_w.o)
    0x08000348   0x08000348   0x00000006   Code   RO         3734    .text               c_w.l(heapauxi.o)
    0x0800034e   0x0800034e   0x00000064   Code   RO         3765    .text               c_w.l(rt_memcpy_w.o)
    0x080003b2   0x080003b2   0x00000044   Code   RO         3767    .text               c_w.l(rt_memclr.o)
    0x080003f6   0x080003f6   0x0000004a   Code   RO         3791    .text               c_w.l(sys_stackheap_outer.o)
    0x08000440   0x08000440   0x00000012   Code   RO         3793    .text               c_w.l(exit.o)
    0x08000452   0x08000452   0x00000002   PAD
    0x08000454   0x08000454   0x00000008   Code   RO         3801    .text               c_w.l(libspace.o)
    0x0800045c   0x0800045c   0x0000000c   Code   RO         3862    .text               c_w.l(sys_exit.o)
    0x08000468   0x08000468   0x00000002   Code   RO         3873    .text               c_w.l(use_no_semi.o)
    0x0800046a   0x0800046a   0x00000000   Code   RO         3875    .text               c_w.l(indicate_semi.o)
    0x0800046a   0x0800046a   0x00000002   Code   RO          317    i.BusFault_Handler  stm32f1xx_it.o
    0x0800046c   0x0800046c   0x0000000c   Code   RO          318    i.CAN1_RX1_IRQHandler  stm32f1xx_it.o
    0x08000478   0x08000478   0x0000000c   Code   RO          319    i.CAN1_SCE_IRQHandler  stm32f1xx_it.o
    0x08000484   0x08000484   0x00000050   Code   RO         1841    i.CAN_InterfaceInit  my_can.o
    0x080004d4   0x080004d4   0x00000002   Code   RO          320    i.DebugMon_Handler  stm32f1xx_it.o
    0x080004d6   0x080004d6   0x00000004   Code   RO           13    i.Error_Handler     main.o
    0x080004da   0x080004da   0x00000024   Code   RO          466    i.HAL_CAN_ActivateNotification  stm32f1xx_hal_can.o
    0x080004fe   0x080004fe   0x000000bc   Code   RO          467    i.HAL_CAN_AddTxMessage  stm32f1xx_hal_can.o
    0x080005ba   0x080005ba   0x00000002   PAD
    0x080005bc   0x080005bc   0x000000ee   Code   RO          468    i.HAL_CAN_ConfigFilter  stm32f1xx_hal_can.o
    0x080006aa   0x080006aa   0x00000002   Code   RO          471    i.HAL_CAN_ErrorCallback  stm32f1xx_hal_can.o
    0x080006ac   0x080006ac   0x000000f4   Code   RO          474    i.HAL_CAN_GetRxMessage  stm32f1xx_hal_can.o
    0x080007a0   0x080007a0   0x0000002c   Code   RO          476    i.HAL_CAN_GetTxMailboxesFreeLevel  stm32f1xx_hal_can.o
    0x080007cc   0x080007cc   0x000001fc   Code   RO          478    i.HAL_CAN_IRQHandler  stm32f1xx_hal_can.o
    0x080009c8   0x080009c8   0x0000011a   Code   RO          479    i.HAL_CAN_Init      stm32f1xx_hal_can.o
    0x08000ae2   0x08000ae2   0x00000002   PAD
    0x08000ae4   0x08000ae4   0x000000ac   Code   RO          276    i.HAL_CAN_MspInit   can.o
    0x08000b90   0x08000b90   0x00000002   Code   RO          486    i.HAL_CAN_RxFifo0FullCallback  stm32f1xx_hal_can.o
    0x08000b92   0x08000b92   0x00000002   PAD
    0x08000b94   0x08000b94   0x0000003c   Code   RO         1807    i.HAL_CAN_RxFifo0MsgPendingCallback  interrupt.o
    0x08000bd0   0x08000bd0   0x00000002   Code   RO          488    i.HAL_CAN_RxFifo1FullCallback  stm32f1xx_hal_can.o
    0x08000bd2   0x08000bd2   0x00000002   Code   RO          489    i.HAL_CAN_RxFifo1MsgPendingCallback  stm32f1xx_hal_can.o
    0x08000bd4   0x08000bd4   0x00000002   Code   RO          490    i.HAL_CAN_SleepCallback  stm32f1xx_hal_can.o
    0x08000bd6   0x08000bd6   0x00000002   PAD
    0x08000bd8   0x08000bd8   0x00000058   Code   RO          491    i.HAL_CAN_Start     stm32f1xx_hal_can.o
    0x08000c30   0x08000c30   0x00000002   Code   RO          493    i.HAL_CAN_TxMailbox0AbortCallback  stm32f1xx_hal_can.o
    0x08000c32   0x08000c32   0x00000002   Code   RO          494    i.HAL_CAN_TxMailbox0CompleteCallback  stm32f1xx_hal_can.o
    0x08000c34   0x08000c34   0x00000002   Code   RO          495    i.HAL_CAN_TxMailbox1AbortCallback  stm32f1xx_hal_can.o
    0x08000c36   0x08000c36   0x00000002   Code   RO          496    i.HAL_CAN_TxMailbox1CompleteCallback  stm32f1xx_hal_can.o
    0x08000c38   0x08000c38   0x00000002   Code   RO          497    i.HAL_CAN_TxMailbox2AbortCallback  stm32f1xx_hal_can.o
    0x08000c3a   0x08000c3a   0x00000002   Code   RO          498    i.HAL_CAN_TxMailbox2CompleteCallback  stm32f1xx_hal_can.o
    0x08000c3c   0x08000c3c   0x00000002   Code   RO          500    i.HAL_CAN_WakeUpFromRxMsgCallback  stm32f1xx_hal_can.o
    0x08000c3e   0x08000c3e   0x00000002   PAD
    0x08000c40   0x08000c40   0x00000024   Code   RO          706    i.HAL_Delay         stm32f1xx_hal.o
    0x08000c64   0x08000c64   0x000001e0   Code   RO         1016    i.HAL_GPIO_Init     stm32f1xx_hal_gpio.o
    0x08000e44   0x08000e44   0x0000000a   Code   RO         1018    i.HAL_GPIO_ReadPin  stm32f1xx_hal_gpio.o
    0x08000e4e   0x08000e4e   0x00000002   PAD
    0x08000e50   0x08000e50   0x0000000c   Code   RO          710    i.HAL_GetTick       stm32f1xx_hal.o
    0x08000e5c   0x08000e5c   0x00000010   Code   RO          716    i.HAL_IncTick       stm32f1xx_hal.o
    0x08000e6c   0x08000e6c   0x00000024   Code   RO          717    i.HAL_Init          stm32f1xx_hal.o
    0x08000e90   0x08000e90   0x00000040   Code   RO          718    i.HAL_InitTick      stm32f1xx_hal.o
    0x08000ed0   0x08000ed0   0x00000048   Code   RO          405    i.HAL_MspInit       stm32f1xx_hal_msp.o
    0x08000f18   0x08000f18   0x0000001a   Code   RO         1176    i.HAL_NVIC_EnableIRQ  stm32f1xx_hal_cortex.o
    0x08000f32   0x08000f32   0x00000002   PAD
    0x08000f34   0x08000f34   0x00000040   Code   RO         1182    i.HAL_NVIC_SetPriority  stm32f1xx_hal_cortex.o
    0x08000f74   0x08000f74   0x00000024   Code   RO         1183    i.HAL_NVIC_SetPriorityGrouping  stm32f1xx_hal_cortex.o
    0x08000f98   0x08000f98   0x0000012c   Code   RO          874    i.HAL_RCC_ClockConfig  stm32f1xx_hal_rcc.o
    0x080010c4   0x080010c4   0x0000004c   Code   RO          883    i.HAL_RCC_GetSysClockFreq  stm32f1xx_hal_rcc.o
    0x08001110   0x08001110   0x00000320   Code   RO          886    i.HAL_RCC_OscConfig  stm32f1xx_hal_rcc.o
    0x08001430   0x08001430   0x00000028   Code   RO         1187    i.HAL_SYSTICK_Config  stm32f1xx_hal_cortex.o
    0x08001458   0x08001458   0x00000002   Code   RO          321    i.HardFault_Handler  stm32f1xx_it.o
    0x0800145a   0x0800145a   0x00000002   PAD
    0x0800145c   0x0800145c   0x00000044   Code   RO          277    i.MX_CAN_Init       can.o
    0x080014a0   0x080014a0   0x00000044   Code   RO          217    i.MX_FREERTOS_Init  freertos.o
    0x080014e4   0x080014e4   0x00000048   Code   RO          193    i.MX_GPIO_Init      gpio.o
    0x0800152c   0x0800152c   0x00000002   Code   RO          322    i.MemManage_Handler  stm32f1xx_it.o
    0x0800152e   0x0800152e   0x00000002   Code   RO          323    i.NMI_Handler       stm32f1xx_it.o
    0x08001530   0x08001530   0x00000008   Code   RO          218    i.PitchTask03       freertos.o
    0x08001538   0x08001538   0x00000024   Code   RO         1714    i.QD4310_Clamp      qd4310.o
    0x0800155c   0x0800155c   0x00000008   Code   RO         1716    i.QD4310_Enable     qd4310.o
    0x08001564   0x08001564   0x00000050   Code   RO         1718    i.QD4310_SendCommand  qd4310.o
    0x080015b4   0x080015b4   0x00000038   Code   RO         1719    i.QD4310_SetAngle   qd4310.o
    0x080015ec   0x080015ec   0x0000003c   Code   RO         1722    i.QD4310_SetSpeed   qd4310.o
    0x08001628   0x08001628   0x00000068   Code   RO         1725    i.QD4310_Update     qd4310.o
    0x08001690   0x08001690   0x0000000c   Code   RO          219    i.StartDefaultTask  freertos.o
    0x0800169c   0x0800169c   0x00000018   Code   RO          324    i.SysTick_Handler   stm32f1xx_it.o
    0x080016b4   0x080016b4   0x0000005e   Code   RO           14    i.SystemClock_Config  main.o
    0x08001712   0x08001712   0x00000002   Code   RO         1677    i.SystemInit        system_stm32f1xx.o
    0x08001714   0x08001714   0x0000000c   Code   RO          325    i.USB_HP_CAN1_TX_IRQHandler  stm32f1xx_it.o
    0x08001720   0x08001720   0x0000000c   Code   RO          326    i.USB_LP_CAN1_RX0_IRQHandler  stm32f1xx_it.o
    0x0800172c   0x0800172c   0x00000002   Code   RO          327    i.UsageFault_Handler  stm32f1xx_it.o
    0x0800172e   0x0800172e   0x00000008   Code   RO          220    i.YawTask           freertos.o
    0x08001736   0x08001736   0x00000020   Code   RO         1189    i.__NVIC_SetPriority  stm32f1xx_hal_cortex.o
    0x08001756   0x08001756   0x00000002   PAD
    0x08001758   0x08001758   0x0000007c   Code   RO           15    i.main              main.o
    0x080017d4   0x080017d4   0x00000002   Code   RO         1945    i.my_system_task    my_task.o
    0x080017d6   0x080017d6   0x0000001a   Code   RO         3084    i.osDelay           cmsis_os2.o
    0x080017f0   0x080017f0   0x00000024   Code   RO         3098    i.osKernelInitialize  cmsis_os2.o
    0x08001814   0x08001814   0x00000038   Code   RO         3101    i.osKernelStart     cmsis_os2.o
    0x0800184c   0x0800184c   0x0000008a   Code   RO         3143    i.osThreadNew       cmsis_os2.o
    0x080018d6   0x080018d6   0x00000002   PAD
    0x080018d8   0x080018d8   0x0000005c   Code   RO         2544    i.prvAddCurrentTaskToDelayedList  tasks.o
    0x08001934   0x08001934   0x000000d0   Code   RO         2545    i.prvAddNewTaskToReadyList  tasks.o
    0x08001a04   0x08001a04   0x00000058   Code   RO         2909    i.prvCheckForValidListAndQueue  timers.o
    0x08001a5c   0x08001a5c   0x00000026   Code   RO         2141    i.prvCopyDataFromQueue  queue.o
    0x08001a82   0x08001a82   0x0000006c   Code   RO         2142    i.prvCopyDataToQueue  queue.o
    0x08001aee   0x08001aee   0x00000034   Code   RO         2546    i.prvDeleteTCB      tasks.o
    0x08001b22   0x08001b22   0x00000002   PAD
    0x08001b24   0x08001b24   0x0000004c   Code   RO         3590    i.prvHeapInit       heap_4.o
    0x08001b70   0x08001b70   0x00000060   Code   RO         2547    i.prvIdleTask       tasks.o
    0x08001bd0   0x08001bd0   0x00000022   Code   RO         2144    i.prvInitialiseNewQueue  queue.o
    0x08001bf2   0x08001bf2   0x00000002   PAD
    0x08001bf4   0x08001bf4   0x000000b0   Code   RO         2548    i.prvInitialiseNewTask  tasks.o
    0x08001ca4   0x08001ca4   0x0000004c   Code   RO         3591    i.prvInsertBlockIntoFreeList  heap_4.o
    0x08001cf0   0x08001cf0   0x00000038   Code   RO         2911    i.prvInsertTimerInActiveList  timers.o
    0x08001d28   0x08001d28   0x0000001c   Code   RO         2145    i.prvIsQueueEmpty   queue.o
    0x08001d44   0x08001d44   0x000000fc   Code   RO         2912    i.prvProcessReceivedCommands  timers.o
    0x08001e40   0x08001e40   0x000000c0   Code   RO         2913    i.prvProcessTimerOrBlockTask  timers.o
    0x08001f00   0x08001f00   0x00000020   Code   RO         2550    i.prvResetNextTaskUnblockTime  tasks.o
    0x08001f20   0x08001f20   0x00000028   Code   RO         2914    i.prvSampleTimeNow  timers.o
    0x08001f48   0x08001f48   0x0000006c   Code   RO         2915    i.prvSwitchTimerLists  timers.o
    0x08001fb4   0x08001fb4   0x00000028   Code   RO         3646    i.prvTaskExitError  port.o
    0x08001fdc   0x08001fdc   0x00000024   Code   RO         2916    i.prvTimerTask      timers.o
    0x08002000   0x08002000   0x0000006a   Code   RO         2146    i.prvUnlockQueue    queue.o
    0x0800206a   0x0800206a   0x00000002   PAD
    0x0800206c   0x0800206c   0x000000dc   Code   RO         3592    i.pvPortMalloc      heap_4.o
    0x08002148   0x08002148   0x00000024   Code   RO         3647    i.pxPortInitialiseStack  port.o
    0x0800216c   0x0800216c   0x00000026   Code   RO         2101    i.uxListRemove      list.o
    0x08002192   0x08002192   0x00000002   PAD
    0x08002194   0x08002194   0x00000014   Code   RO         3155    i.vApplicationGetIdleTaskMemory  cmsis_os2.o
    0x080021a8   0x080021a8   0x00000018   Code   RO         3156    i.vApplicationGetTimerTaskMemory  cmsis_os2.o
    0x080021c0   0x080021c0   0x00000016   Code   RO         2102    i.vListInitialise   list.o
    0x080021d6   0x080021d6   0x00000006   Code   RO         2103    i.vListInitialiseItem  list.o
    0x080021dc   0x080021dc   0x00000030   Code   RO         2104    i.vListInsert       list.o
    0x0800220c   0x0800220c   0x00000018   Code   RO         2105    i.vListInsertEnd    list.o
    0x08002224   0x08002224   0x00000040   Code   RO         3649    i.vPortEnterCritical  port.o
    0x08002264   0x08002264   0x00000028   Code   RO         3650    i.vPortExitCritical  port.o
    0x0800228c   0x0800228c   0x00000064   Code   RO         3593    i.vPortFree         heap_4.o
    0x080022f0   0x080022f0   0x00000024   Code   RO         3651    i.vPortSetupTimerInterrupt  port.o
    0x08002314   0x08002314   0x00000054   Code   RO         3652    i.vPortValidateInterruptPriority  port.o
    0x08002368   0x08002368   0x00000028   Code   RO         2152    i.vQueueAddToRegistry  queue.o
    0x08002390   0x08002390   0x00000044   Code   RO         2156    i.vQueueWaitForMessageRestricted  queue.o
    0x080023d4   0x080023d4   0x0000004c   Code   RO         2563    i.vTaskDelay        tasks.o
    0x08002420   0x08002420   0x00000010   Code   RO         2568    i.vTaskInternalSetTimeOutState  tasks.o
    0x08002430   0x08002430   0x0000000c   Code   RO         2569    i.vTaskMissedYield  tasks.o
    0x0800243c   0x0800243c   0x00000030   Code   RO         2571    i.vTaskPlaceOnEventList  tasks.o
    0x0800246c   0x0800246c   0x00000038   Code   RO         2572    i.vTaskPlaceOnEventListRestricted  tasks.o
    0x080024a4   0x080024a4   0x00000088   Code   RO         2580    i.vTaskStartScheduler  tasks.o
    0x0800252c   0x0800252c   0x00000010   Code   RO         2582    i.vTaskSuspendAll   tasks.o
    0x0800253c   0x0800253c   0x00000064   Code   RO         2583    i.vTaskSwitchContext  tasks.o
    0x080025a0   0x080025a0   0x000000a8   Code   RO         3653    i.xPortStartScheduler  port.o
    0x08002648   0x08002648   0x0000002c   Code   RO         3654    i.xPortSysTickHandler  port.o
    0x08002674   0x08002674   0x00000066   Code   RO         2162    i.xQueueGenericCreateStatic  queue.o
    0x080026da   0x080026da   0x00000002   PAD
    0x080026dc   0x080026dc   0x00000088   Code   RO         2163    i.xQueueGenericReset  queue.o
    0x08002764   0x08002764   0x00000160   Code   RO         2164    i.xQueueGenericSend  queue.o
    0x080028c4   0x080028c4   0x000000be   Code   RO         2165    i.xQueueGenericSendFromISR  queue.o
    0x08002982   0x08002982   0x00000002   PAD
    0x08002984   0x08002984   0x00000138   Code   RO         2174    i.xQueueReceive     queue.o
    0x08002abc   0x08002abc   0x00000074   Code   RO         2585    i.xTaskCheckForTimeOut  tasks.o
    0x08002b30   0x08002b30   0x0000005a   Code   RO         2586    i.xTaskCreate       tasks.o
    0x08002b8a   0x08002b8a   0x00000056   Code   RO         2587    i.xTaskCreateStatic  tasks.o
    0x08002be0   0x08002be0   0x0000001c   Code   RO         2591    i.xTaskGetSchedulerState  tasks.o
    0x08002bfc   0x08002bfc   0x0000000c   Code   RO         2592    i.xTaskGetTickCount  tasks.o
    0x08002c08   0x08002c08   0x000000c8   Code   RO         2594    i.xTaskIncrementTick  tasks.o
    0x08002cd0   0x08002cd0   0x00000080   Code   RO         2597    i.xTaskPriorityDisinherit  tasks.o
    0x08002d50   0x08002d50   0x00000070   Code   RO         2599    i.xTaskRemoveFromEventList  tasks.o
    0x08002dc0   0x08002dc0   0x000000c4   Code   RO         2600    i.xTaskResumeAll    tasks.o
    0x08002e84   0x08002e84   0x00000060   Code   RO         2925    i.xTimerCreateTimerTask  timers.o
    0x08002ee4   0x08002ee4   0x00000068   Code   RO         2926    i.xTimerGenericCommand  timers.o
    0x08002f4c   0x08002f4c   0x00000018   Code   RO         3769    x$fpl$fcmpinf       fz_ws.l(fcmpi.o)
    0x08002f64   0x08002f64   0x00000184   Code   RO         3745    x$fpl$fdiv          fz_ws.l(fdiv.o)
    0x080030e8   0x080030e8   0x00000036   Code   RO         3748    x$fpl$ffix          fz_ws.l(ffix.o)
    0x0800311e   0x0800311e   0x00000002   PAD
    0x08003120   0x08003120   0x00000030   Code   RO         3753    x$fpl$fflt          fz_ws.l(fflt_clz.o)
    0x08003150   0x08003150   0x00000026   Code   RO         3752    x$fpl$ffltu         fz_ws.l(fflt_clz.o)
    0x08003176   0x08003176   0x00000002   PAD
    0x08003178   0x08003178   0x00000068   Code   RO         3758    x$fpl$fleqf         fz_ws.l(fleqf.o)
    0x080031e0   0x080031e0   0x00000102   Code   RO         3760    x$fpl$fmul          fz_ws.l(fmul.o)
    0x080032e2   0x080032e2   0x0000008c   Code   RO         3771    x$fpl$fnaninf       fz_ws.l(fnaninf.o)
    0x0800336e   0x0800336e   0x0000000a   Code   RO         3773    x$fpl$fretinf       fz_ws.l(fretinf.o)
    0x08003378   0x08003378   0x00000062   Code   RO         3762    x$fpl$frleqf        fz_ws.l(frleqf.o)
    0x080033da   0x080033da   0x00000000   Code   RO         3775    x$fpl$usenofp       fz_ws.l(usenofp.o)
    0x080033da   0x080033da   0x00000002   PAD
    0x080033dc   0x080033dc   0x0000006c   Data   RO          221    .constdata          freertos.o
    0x08003448   0x08003448   0x00000012   Data   RO          887    .constdata          stm32f1xx_hal_rcc.o
    0x0800345a   0x0800345a   0x00000010   Data   RO         1678    .constdata          system_stm32f1xx.o
    0x0800346a   0x0800346a   0x00000002   PAD
    0x0800346c   0x0800346c   0x00000020   Data   RO          222    .conststring        freertos.o
    0x0800348c   0x0800348c   0x00000020   Data   RO         3928    Region$$Table       anon$$obj.o


    Execution Region RW_IRAM1 (Exec base: 0x20000000, Load base: 0x080034ac, Size: 0x00002010, Max: 0x00005000, ABSOLUTE)

    Exec Addr    Load Addr    Size         Type   Attr      Idx    E Section Name        Object

    0x20000000   0x080034ac   0x0000000c   Data   RW          223    .data               freertos.o
    0x2000000c   0x080034b8   0x0000000c   Data   RW          724    .data               stm32f1xx_hal.o
    0x20000018   0x080034c4   0x00000004   Data   RW         1680    .data               system_stm32f1xx.o
    0x2000001c   0x080034c8   0x00000003   Data   RW         1726    .data               qd4310.o
    0x2000001f   0x080034cb   0x00000001   PAD
    0x20000020   0x080034cc   0x00000014   Data   RW         1868    .data               config.o
    0x20000034   0x080034e0   0x0000003c   Data   RW         2603    .data               tasks.o
    0x20000070   0x0800351c   0x00000014   Data   RW         2934    .data               timers.o
    0x20000084   0x08003530   0x00000004   Data   RW         3158    .data               cmsis_os2.o
    0x20000088   0x08003534   0x00000020   Data   RW         3599    .data               heap_4.o
    0x200000a8   0x08003554   0x0000000c   Data   RW         3655    .data               port.o
    0x200000b4        -       0x00000028   Zero   RW          278    .bss                can.o
    0x200000dc        -       0x00000040   Zero   RW         2178    .bss                queue.o
    0x2000011c        -       0x000004c4   Zero   RW         2602    .bss                tasks.o
    0x200005e0        -       0x00000118   Zero   RW         2933    .bss                timers.o
    0x200006f8        -       0x000006b8   Zero   RW         3157    .bss                cmsis_os2.o
    0x20000db0        -       0x00000c00   Zero   RW         3598    .bss                heap_4.o
    0x200019b0        -       0x00000060   Zero   RW         3802    .bss                c_w.l(libspace.o)
    0x20001a10        -       0x00000200   Zero   RW            2    HEAP                startup_stm32f103xb.o
    0x20001c10        -       0x00000400   Zero   RW            1    STACK               startup_stm32f103xb.o


==============================================================================

Image component sizes


      Code (inc. data)   RO Data    RW Data    ZI Data      Debug   Object Name

       240         20          0          0         40       1611   can.o
       300         22          0          4       1720      57809   cmsis_os2.o
         0          0          0         20          0        318   config.o
         0          0          0          0          0      19524   event_groups.o
        96         22        140         12          0       2691   freertos.o
        72         10          0          0          0        819   gpio.o
       472         24          0         32       3072       4655   heap_4.o
        60          6          0          0          0       1264   interrupt.o
       138          0          0          0          0       3290   list.o
       222         18          0          0          0     402976   main.o
        80          4          0          0          0        528   my_can.o
         2          0          0          0          0        401   my_task.o
       662         70          0         12          0      10525   port.o
       344         46          0          3          0       4841   qd4310.o
      1514         20          0          0         64      16792   queue.o
        64         26        236          0       1536        792   startup_stm32f103xb.o
       164         28          0         12          0       5761   stm32f1xx_hal.o
      1652          0          0          0          0      14049   stm32f1xx_hal_can.o
       198         14          0          0          0      28839   stm32f1xx_hal_cortex.o
       490         34          0          0          0       2839   stm32f1xx_hal_gpio.o
        72         10          0          0          0        834   stm32f1xx_hal_msp.o
      1176         60         18          0          0       3922   stm32f1xx_hal_rcc.o
        84         24          0          0          0       4688   stm32f1xx_it.o
         0          0          0          0          0        384   stream_buffer.o
         2          0         16          4          0       1067   system_stm32f1xx.o
      2084        168          0         60       1220      25736   tasks.o
       972         80          0         20        280      31747   timers.o

    ----------------------------------------------------------------------
     11194        706        444        180       7932     648702   Object Totals
         0          0         32          0          0          0   (incl. Generated)
        34          0          2          1          0          0   (incl. Padding)

    ----------------------------------------------------------------------

      Code (inc. data)   RO Data    RW Data    ZI Data      Debug   Library Member Name

         8          0          0          0          0         68   __main.o
         0          0          0          0          0          0   __rtentry.o
        12          0          0          0          0          0   __rtentry2.o
         6          0          0          0          0          0   __rtentry4.o
        52          8          0          0          0          0   __scatter.o
        26          0          0          0          0          0   __scatter_copy.o
        28          0          0          0          0          0   __scatter_zi.o
        16          0          0          0          0         68   aeabi_memset.o
        18          0          0          0          0         80   exit.o
         6          0          0          0          0        152   heapauxi.o
         0          0          0          0          0          0   indicate_semi.o
         2          0          0          0          0          0   libinit.o
         2          0          0          0          0          0   libinit2.o
         2          0          0          0          0          0   libshutdown.o
         2          0          0          0          0          0   libshutdown2.o
         8          4          0          0         96         68   libspace.o
        68          0          0          0          0         68   rt_memclr.o
        78          0          0          0          0         80   rt_memclr_w.o
       138          0          0          0          0         68   rt_memcpy_v6.o
       100          0          0          0          0         80   rt_memcpy_w.o
         2          0          0          0          0          0   rtexit.o
        10          0          0          0          0          0   rtexit2.o
        12          4          0          0          0         68   sys_exit.o
        74          0          0          0          0         80   sys_stackheap_outer.o
         2          0          0          0          0         68   use_no_semi.o
        24          0          0          0          0         68   fcmpi.o
       388         76          0          0          0         96   fdiv.o
        54          4          0          0          0         84   ffix.o
        86          0          0          0          0        136   fflt_clz.o
       104          4          0          0          0         84   fleqf.o
       258          4          0          0          0         84   fmul.o
       140          4          0          0          0         84   fnaninf.o
        10          0          0          0          0         68   fretinf.o
        98          0          0          0          0         68   frleqf.o
         0          0          0          0          0          0   usenofp.o

    ----------------------------------------------------------------------
      1846        108          0          0         96       1720   Library Totals
        12          0          0          0          0          0   (incl. Padding)

    ----------------------------------------------------------------------

      Code (inc. data)   RO Data    RW Data    ZI Data      Debug   Library Name

       672         16          0          0         96        948   c_w.l
      1162         92          0          0          0        772   fz_ws.l

    ----------------------------------------------------------------------
      1846        108          0          0         96       1720   Library Totals

    ----------------------------------------------------------------------

==============================================================================


      Code (inc. data)   RO Data    RW Data    ZI Data      Debug   

     13040        814        444        180       8028     642722   Grand Totals
     13040        814        444        180       8028     642722   ELF Image Totals
     13040        814        444        180          0          0   ROM Totals

==============================================================================

    Total RO  Size (Code + RO Data)                13484 (  13.17kB)
    Total RW  Size (RW Data + ZI Data)              8208 (   8.02kB)
    Total ROM Size (Code + RO Data + RW Data)      13664 (  13.34kB)

==============================================================================

